Archive member included to satisfy reference by file (symbol)

/usr/lib/gcc/arm-none-eabi/4.9.3/../../../arm-none-eabi/lib/armv7-m/libm.a(lib_a-w_log.o)
                              obj_zoul/adc-sensors.o (log)
/usr/lib/gcc/arm-none-eabi/4.9.3/../../../arm-none-eabi/lib/armv7-m/libm.a(lib_a-e_log.o)
                              /usr/lib/gcc/arm-none-eabi/4.9.3/../../../arm-none-eabi/lib/armv7-m/libm.a(lib_a-w_log.o) (__ieee754_log)
/usr/lib/gcc/arm-none-eabi/4.9.3/../../../arm-none-eabi/lib/armv7-m/libm.a(lib_a-s_fpclassify.o)
                              /usr/lib/gcc/arm-none-eabi/4.9.3/../../../arm-none-eabi/lib/armv7-m/libm.a(lib_a-w_log.o) (__fpclassifyd)
/usr/lib/gcc/arm-none-eabi/4.9.3/../../../arm-none-eabi/lib/armv7-m/libm.a(lib_a-s_lib_ver.o)
                              /usr/lib/gcc/arm-none-eabi/4.9.3/../../../arm-none-eabi/lib/armv7-m/libm.a(lib_a-w_log.o) (__fdlib_version)
/usr/lib/gcc/arm-none-eabi/4.9.3/../../../arm-none-eabi/lib/armv7-m/libm.a(lib_a-s_matherr.o)
                              /usr/lib/gcc/arm-none-eabi/4.9.3/../../../arm-none-eabi/lib/armv7-m/libm.a(lib_a-w_log.o) (matherr)
/usr/lib/gcc/arm-none-eabi/4.9.3/../../../arm-none-eabi/lib/armv7-m/libm.a(lib_a-s_nan.o)
                              /usr/lib/gcc/arm-none-eabi/4.9.3/../../../arm-none-eabi/lib/armv7-m/libm.a(lib_a-w_log.o) (nan)
/usr/lib/gcc/arm-none-eabi/4.9.3/armv7-m/libgcc.a(_ashldi3.o)
                              obj_zoul/mmc.o (__aeabi_llsl)
/usr/lib/gcc/arm-none-eabi/4.9.3/armv7-m/libgcc.a(_arm_addsubdf3.o)
                              obj_zoul/adc-sensors.o (__aeabi_dsub)
/usr/lib/gcc/arm-none-eabi/4.9.3/armv7-m/libgcc.a(_arm_muldivdf3.o)
                              /usr/lib/gcc/arm-none-eabi/4.9.3/../../../arm-none-eabi/lib/armv7-m/libm.a(lib_a-e_log.o) (__aeabi_dmul)
/usr/lib/gcc/arm-none-eabi/4.9.3/armv7-m/libgcc.a(_arm_cmpdf2.o)
                              /usr/lib/gcc/arm-none-eabi/4.9.3/../../../arm-none-eabi/lib/armv7-m/libm.a(lib_a-w_log.o) (__aeabi_dcmpeq)
/usr/lib/gcc/arm-none-eabi/4.9.3/armv7-m/libgcc.a(_arm_fixunsdfsi.o)
                              obj_zoul/adc-sensors.o (__aeabi_d2uiz)
/usr/lib/gcc/arm-none-eabi/4.9.3/armv7-m/libgcc.a(_aeabi_uldivmod.o)
                              obj_zoul/spi.o (__aeabi_uldivmod)
/usr/lib/gcc/arm-none-eabi/4.9.3/armv7-m/libgcc.a(bpabi.o)
                              /usr/lib/gcc/arm-none-eabi/4.9.3/armv7-m/libgcc.a(_aeabi_uldivmod.o) (__gnu_uldivmod_helper)
/usr/lib/gcc/arm-none-eabi/4.9.3/armv7-m/libgcc.a(_dvmd_tls.o)
                              /usr/lib/gcc/arm-none-eabi/4.9.3/armv7-m/libgcc.a(_aeabi_uldivmod.o) (__aeabi_ldiv0)
/usr/lib/gcc/arm-none-eabi/4.9.3/armv7-m/libgcc.a(_divdi3.o)
                              /usr/lib/gcc/arm-none-eabi/4.9.3/armv7-m/libgcc.a(bpabi.o) (__divdi3)
/usr/lib/gcc/arm-none-eabi/4.9.3/armv7-m/libgcc.a(_udivdi3.o)
                              /usr/lib/gcc/arm-none-eabi/4.9.3/armv7-m/libgcc.a(bpabi.o) (__udivdi3)
/usr/lib/gcc/arm-none-eabi/4.9.3/../../../arm-none-eabi/lib/armv7-m/libc.a(lib_a-ctype_.o)
                              obj_zoul/resolv.o (__ctype_ptr__)
/usr/lib/gcc/arm-none-eabi/4.9.3/../../../arm-none-eabi/lib/armv7-m/libc.a(lib_a-errno.o)
                              /usr/lib/gcc/arm-none-eabi/4.9.3/../../../arm-none-eabi/lib/armv7-m/libm.a(lib_a-w_log.o) (__errno)
/usr/lib/gcc/arm-none-eabi/4.9.3/../../../arm-none-eabi/lib/armv7-m/libc.a(lib_a-impure.o)
                              /usr/lib/gcc/arm-none-eabi/4.9.3/../../../arm-none-eabi/lib/armv7-m/libc.a(lib_a-errno.o) (_impure_ptr)
/usr/lib/gcc/arm-none-eabi/4.9.3/../../../arm-none-eabi/lib/armv7-m/libc.a(lib_a-malloc.o)
                              obj_zoul/syscall.o (malloc)
/usr/lib/gcc/arm-none-eabi/4.9.3/../../../arm-none-eabi/lib/armv7-m/libc.a(lib_a-mallocr.o)
                              /usr/lib/gcc/arm-none-eabi/4.9.3/../../../arm-none-eabi/lib/armv7-m/libc.a(lib_a-malloc.o) (_malloc_r)
/usr/lib/gcc/arm-none-eabi/4.9.3/../../../arm-none-eabi/lib/armv7-m/libc.a(lib_a-memcmp.o)
                              obj_zoul/polite.o (memcmp)
/usr/lib/gcc/arm-none-eabi/4.9.3/../../../arm-none-eabi/lib/armv7-m/libc.a(lib_a-memcpy.o)
                              obj_zoul/dbg-snprintf.o (memcpy)
/usr/lib/gcc/arm-none-eabi/4.9.3/../../../arm-none-eabi/lib/armv7-m/libc.a(lib_a-memmove.o)
                              obj_zoul/mmem.o (memmove)
/usr/lib/gcc/arm-none-eabi/4.9.3/../../../arm-none-eabi/lib/armv7-m/libc.a(lib_a-memset.o)
                              obj_zoul/gpio.o (memset)
/usr/lib/gcc/arm-none-eabi/4.9.3/../../../arm-none-eabi/lib/armv7-m/libc.a(lib_a-mlock.o)
                              /usr/lib/gcc/arm-none-eabi/4.9.3/../../../arm-none-eabi/lib/armv7-m/libc.a(lib_a-mallocr.o) (__malloc_lock)
/usr/lib/gcc/arm-none-eabi/4.9.3/../../../arm-none-eabi/lib/armv7-m/libc.a(lib_a-reent.o)
                              obj_zoul/syscalls.o (errno)
/usr/lib/gcc/arm-none-eabi/4.9.3/../../../arm-none-eabi/lib/armv7-m/libc.a(lib_a-sbrkr.o)
[...]
Memory Configuration

Name             Origin             Length             Attributes
FLASH_FW         0x00202000         0x0007dfd4         xr
FLASH_CCA        0x0027ffd4         0x0000002c         xr
NRSRAM           0x20000000         0x00004000         xrw
FRSRAM           0x20004000         0x00004000         xrw
*default*        0x00000000         0xffffffff

Linker script and memory map

LOAD /usr/lib/gcc/arm-none-eabi/4.9.3/../../../arm-none-eabi/lib/armv7-m/libm.a
LOAD obj_zoul/startup-gcc.o
LOAD obj_zoul/adc-sensors.o
LOAD obj_zoul/contiki-main.o
LOAD obj_zoul/leds.o
LOAD obj_zoul/cc1200-zoul-arch.o
LOAD obj_zoul/adc-zoul.o
LOAD obj_zoul/button-sensor.o
LOAD obj_zoul/zoul-sensors.o
LOAD obj_zoul/board.o
LOAD obj_zoul/antenna-sw.o
LOAD obj_zoul/mmc-arch.o
LOAD obj_zoul/rtcc.o
LOAD obj_zoul/leds-res-arch.o
LOAD obj_zoul/power-mgmt.o
LOAD obj_zoul/soc.o
LOAD obj_zoul/clock.o
LOAD obj_zoul/rtimer-arch.o
LOAD obj_zoul/uart.o
LOAD obj_zoul/watchdog.o
LOAD obj_zoul/nvic.o
LOAD obj_zoul/sys-ctrl.o
LOAD obj_zoul/gpio.o
LOAD obj_zoul/ioc.o
LOAD obj_zoul/spi.o
LOAD obj_zoul/adc.o
LOAD obj_zoul/crypto.o
LOAD obj_zoul/aes.o
LOAD obj_zoul/ecb.o
LOAD obj_zoul/cbc.o
LOAD obj_zoul/ctr.o
LOAD obj_zoul/cbc-mac.o
LOAD obj_zoul/gcm.o
LOAD obj_zoul/ccm.o
LOAD obj_zoul/sha256.o
LOAD obj_zoul/cc2538-aes-128.o
LOAD obj_zoul/cc2538-ccm-star.o
LOAD obj_zoul/cc2538-rf.o
LOAD obj_zoul/udma.o
LOAD obj_zoul/lpm.o
LOAD obj_zoul/pka.o
LOAD obj_zoul/bignum-driver.o
LOAD obj_zoul/ecc-driver.o
LOAD obj_zoul/ecc-algorithm.o
LOAD obj_zoul/ecc-curve.o
LOAD obj_zoul/dbg.o
LOAD obj_zoul/ieee-addr.o
LOAD obj_zoul/slip-arch.o
LOAD obj_zoul/slip.o
LOAD obj_zoul/i2c.o
LOAD obj_zoul/cc2538-temp-sensor.o
LOAD obj_zoul/vdd3-sensor.o
LOAD obj_zoul/cfs-coffee.o
LOAD obj_zoul/cfs-coffee-arch.o
LOAD obj_zoul/pwm.o
LOAD obj_zoul/dbg-printf.o
LOAD obj_zoul/dbg-snprintf.o
LOAD obj_zoul/dbg-sprintf.o
LOAD obj_zoul/strformat.o
LOAD obj_zoul/usb-core.o
LOAD obj_zoul/cdc-acm.o
LOAD obj_zoul/usb-arch.o
LOAD obj_zoul/usb-serial.o
LOAD obj_zoul/cdc-acm-descriptors.o
LOAD obj_zoul/autostart.o
LOAD obj_zoul/stimer.o
LOAD obj_zoul/energest.o
LOAD obj_zoul/arg.o
LOAD obj_zoul/ctimer.o
LOAD obj_zoul/etimer.o
LOAD obj_zoul/compower.o
LOAD obj_zoul/process.o
LOAD obj_zoul/rtimer.o
LOAD obj_zoul/mt.o
LOAD obj_zoul/procinit.o
LOAD obj_zoul/timer.o
LOAD obj_zoul/serial-line.o
LOAD obj_zoul/nullradio.o
LOAD obj_zoul/settings.o
LOAD obj_zoul/crc16.o
LOAD obj_zoul/ifft.o
LOAD obj_zoul/trickle-timer.o
LOAD obj_zoul/mmem.o
LOAD obj_zoul/me_tabs.o
LOAD obj_zoul/sensors.o
LOAD obj_zoul/ringbufindex.o
LOAD obj_zoul/ccm-star.o
LOAD obj_zoul/list.o
LOAD obj_zoul/gcr.o
LOAD obj_zoul/aes-128.o
LOAD obj_zoul/print-stats.o
LOAD obj_zoul/memb.o
LOAD obj_zoul/me.o
LOAD obj_zoul/petsciiconv.o
LOAD obj_zoul/random.o
LOAD obj_zoul/assert.o
LOAD obj_zoul/ringbuf.o
LOAD obj_zoul/packetqueue.o
LOAD obj_zoul/chameleon-bitopt.o
LOAD obj_zoul/broadcast-announcement.o
LOAD obj_zoul/rudolph2.o
LOAD obj_zoul/polite-announcement.o
LOAD obj_zoul/trickle.o
LOAD obj_zoul/broadcast.o
LOAD obj_zoul/announcement.o
LOAD obj_zoul/multihop.o
LOAD obj_zoul/polite.o
LOAD obj_zoul/chameleon-raw.o
LOAD obj_zoul/runicast.o
LOAD obj_zoul/rmh.o
LOAD obj_zoul/rime.o
LOAD obj_zoul/stbroadcast.o
LOAD obj_zoul/ipolite.o
LOAD obj_zoul/stunicast.o
LOAD obj_zoul/rucb.o
LOAD obj_zoul/chameleon.o
LOAD obj_zoul/channel.o
LOAD obj_zoul/neighbor-discovery.o
LOAD obj_zoul/collect.o
LOAD obj_zoul/mesh.o
LOAD obj_zoul/rudolph1.o
LOAD obj_zoul/route-discovery.o
LOAD obj_zoul/unicast.o
LOAD obj_zoul/abc.o
LOAD obj_zoul/collect-link-estimate.o
LOAD obj_zoul/timesynch.o
LOAD obj_zoul/rimestats.o
LOAD obj_zoul/netflood.o
LOAD obj_zoul/route.o
LOAD obj_zoul/collect-neighbor.o
LOAD obj_zoul/ff.o
LOAD obj_zoul/syscall.o
LOAD obj_zoul/unicode.o
LOAD obj_zoul/diskio.o
LOAD obj_zoul/mmc.o
LOAD obj_zoul/syscalls.o
LOAD obj_zoul/mtarch.o
LOAD obj_zoul/queuebuf.o
LOAD obj_zoul/nbr-table.o
LOAD obj_zoul/packetbuf.o
LOAD obj_zoul/netstack.o
LOAD obj_zoul/linkaddr.o
LOAD obj_zoul/net-debug.o
LOAD obj_zoul/link-stats.o
LOAD obj_zoul/nullmac.o
LOAD obj_zoul/nullrdc-noframer.o
LOAD obj_zoul/nordc.o
LOAD obj_zoul/frame802154e-ie.o
LOAD obj_zoul/mac-sequence.o
LOAD obj_zoul/framer-nullmac.o
LOAD obj_zoul/csma.o
LOAD obj_zoul/frame802154.o
LOAD obj_zoul/mac.o
LOAD obj_zoul/framer-802154.o
LOAD obj_zoul/phase.o
LOAD obj_zoul/nullrdc.o
LOAD obj_zoul/slipdev.o
LOAD obj_zoul/uip-debug.o
LOAD obj_zoul/uip-packetqueue.o
LOAD obj_zoul/tcp-socket.o
LOAD obj_zoul/dhcpc.o
LOAD obj_zoul/uiplib.o
LOAD obj_zoul/ip64-addr.o
LOAD obj_zoul/uip-udp-packet.o
LOAD obj_zoul/psock.o
LOAD obj_zoul/tcpip.o
LOAD obj_zoul/resolv.o
LOAD obj_zoul/uip-nameserver.o
LOAD obj_zoul/uip-split.o
LOAD obj_zoul/udp-socket.o
LOAD obj_zoul/simple-udp.o
LOAD obj_zoul/contikimac.o
LOAD obj_zoul/contikimac-framer.o
LOAD obj_zoul/nullsec.o
LOAD obj_zoul/anti-replay.o
LOAD obj_zoul/ccm-star-packetbuf.o
LOAD obj_zoul/noncoresec.o
LOAD obj_zoul/cc1200-868-fsk-1-2kbps.o
LOAD obj_zoul/cc1200.o
LOAD obj_zoul/cc1200-802154g-863-870-fsk-50kbps.o
LOAD example-broadcast.co
LOAD /usr/lib/gcc/arm-none-eabi/4.9.3/../../../arm-none-eabi/lib/armv7-m/libm.a
START GROUP
LOAD /usr/lib/gcc/arm-none-eabi/4.9.3/armv7-m/libgcc.a
LOAD /usr/lib/gcc/arm-none-eabi/4.9.3/../../../arm-none-eabi/lib/armv7-m/libc.a
END GROUP

.text           0x00202000     0x5524
                0x00202000                _text = .
 *(SORT(.vectors))
 .vectors       0x00202000      0x28c obj_zoul/startup-gcc.o
                0x00202000                vectors
 *(SORT(.text*))
 .text.reset_handler
                0x0020228c       0x40 obj_zoul/startup-gcc.o
                0x0020228c                reset_handler
 .text.startup.main
                0x002022cc      0x188 obj_zoul/contiki-main.o
                0x002022cc                main
 .text.leds_init
                0x00202454       0x14 obj_zoul/leds.o
                0x00202454                leds_init
 .text.leds_on  0x00202468       0x10 obj_zoul/leds.o
                0x00202468                leds_on
 .text.leds_off
                0x00202478       0x14 obj_zoul/leds.o
                0x00202478                leds_off
 .text.value    0x0020248c       0x20 obj_zoul/button-sensor.o
 .text.duration_exceeded_callback
                0x002024ac       0x3c obj_zoul/button-sensor.o
 .text.config_user
                0x002024e8       0xa0 obj_zoul/button-sensor.o
 .text.btn_callback
                0x00202588       0x5c obj_zoul/button-sensor.o
 .text.antenna_sw_config
                0x002025e4       0x30 obj_zoul/antenna-sw.o
                0x002025e4                antenna_sw_config
 .text.leds_arch_init
                0x00202614       0x48 obj_zoul/leds-res-arch.o
                0x00202614                leds_arch_init
 .text.leds_arch_set
                0x0020265c       0x44 obj_zoul/leds-res-arch.o
                0x0020265c                leds_arch_set
 .text.soc_get_rev
                0x002026a0       0x18 obj_zoul/soc.o
                0x002026a0                soc_get_rev
 .text.soc_get_sram_size
                0x002026b8       0x1c obj_zoul/soc.o
                0x002026b8                soc_get_sram_size
 .text.soc_print_info
                0x002026d4       0x70 obj_zoul/soc.o
                0x002026d4                soc_print_info
 .text.update_ticks
                0x00202744       0x4c obj_zoul/clock.o
 .text.clock_init
                0x00202790       0x4c obj_zoul/clock.o
                0x00202790                clock_init
 .text.clock_time
                0x002027dc       0x14 obj_zoul/clock.o
                0x002027dc                clock_time
 .text.clock_delay_usec
                0x002027f0       0x1c obj_zoul/clock.o
                0x002027f0                clock_delay_usec
 .text.clock_adjust
                0x0020280c       0x20 obj_zoul/clock.o
                0x0020280c                clock_adjust
 .text.rtimer_arch_next_trigger
                0x0020282c        0xc obj_zoul/rtimer-arch.o
                0x0020282c                rtimer_arch_next_trigger
 .text.rtimer_arch_now
                0x00202838       0x2c obj_zoul/rtimer-arch.o
                0x00202838                rtimer_arch_now
 .text.rtimer_arch_schedule
                0x00202864       0x58 obj_zoul/rtimer-arch.o
                0x00202864                rtimer_arch_schedule
 .text.rtimer_isr
                0x002028bc       0x2c obj_zoul/rtimer-arch.o
                0x002028bc                rtimer_isr
 .text.permit_pm1
                0x002028e8       0x24 obj_zoul/uart.o
 .text.uart_isr
                0x0020290c       0x64 obj_zoul/uart.o
 .text.uart_init
                0x00202970      0x1b8 obj_zoul/uart.o
                0x00202970                uart_init
 .text.uart_set_input
                0x00202b28       0x10 obj_zoul/uart.o
                0x00202b28                uart_set_input
 .text.uart_write_byte
                0x00202b38       0x1c obj_zoul/uart.o
                0x00202b38                uart_write_byte
 .text.watchdog_init
                0x00202b54        0xc obj_zoul/watchdog.o
                0x00202b54                watchdog_init
 .text.watchdog_start
                0x00202b60        0xc obj_zoul/watchdog.o
                0x00202b60                watchdog_start
 .text.watchdog_periodic
                0x00202b6c       0x10 obj_zoul/watchdog.o
                0x00202b6c                watchdog_periodic
 .text.nvic_init
                0x00202b7c       0x10 obj_zoul/nvic.o
                0x00202b7c                nvic_init
 .text.sys_ctrl_get_reset_cause
                0x00202b8c       0x10 obj_zoul/sys-ctrl.o
                0x00202b8c                sys_ctrl_get_reset_cause
 .text.sys_ctrl_get_reset_cause_str
                0x00202b9c       0x14 obj_zoul/sys-ctrl.o
                0x00202b9c                sys_ctrl_get_reset_cause_str
 .text.sys_ctrl_init
                0x00202bb0       0x74 obj_zoul/sys-ctrl.o
                0x00202bb0                sys_ctrl_init
 .text.sys_ctrl_get_sys_clock
                0x00202c24       0x18 obj_zoul/sys-ctrl.o
                0x00202c24                sys_ctrl_get_sys_clock
 .text.sys_ctrl_get_io_clock
                0x00202c3c       0x18 obj_zoul/sys-ctrl.o
                0x00202c3c                sys_ctrl_get_io_clock
 .text.gpio_register_callback
                0x00202c54       0x10 obj_zoul/gpio.o
                0x00202c54                gpio_register_callback
 .text.notify   0x00202c64       0x30 obj_zoul/gpio.o
                0x00202c64                notify
 .text.gpio_port_isr
                0x00202c94       0x50 obj_zoul/gpio.o
 .text.gpio_init
                0x00202ce4       0x10 obj_zoul/gpio.o
                0x00202ce4                gpio_init
 .text.ioc_init
                0x00202cf4       0x1c obj_zoul/ioc.o
                0x00202cf4                ioc_init
 .text.ioc_set_over
                0x00202d10       0x14 obj_zoul/ioc.o
                0x00202d10                ioc_set_over
 .text.ioc_set_sel
                0x00202d24       0x14 obj_zoul/ioc.o
                0x00202d24                ioc_set_sel
 .text.adc_get  0x00202d38       0x78 obj_zoul/adc.o
                0x00202d38                adc_get
 .text.permit_pm1
                0x00202db0       0x10 obj_zoul/crypto.o
 .text.crypto_isr
                0x00202dc0       0x28 obj_zoul/crypto.o
                0x00202dc0                crypto_isr
 .text.crypto_enable
                0x00202de8       0x20 obj_zoul/crypto.o
                0x00202de8                crypto_enable
 .text.crypto_init
                0x00202e08       0x3c obj_zoul/crypto.o
                0x00202e08                crypto_init
 .text.crypto_disable
                0x00202e44       0x20 obj_zoul/crypto.o
                0x00202e44                crypto_disable
 .text.on       0x00202e64       0x2c obj_zoul/cc2538-rf.o
 .text.off      0x00202e90       0x40 obj_zoul/cc2538-rf.o
 .text.set_channel
                0x00202ed0       0x48 obj_zoul/cc2538-rf.o
 .text.channel_clear
                0x00202f18       0x3c obj_zoul/cc2538-rf.o
 .text.receiving_packet
                0x00202f54       0x18 obj_zoul/cc2538-rf.o
 .text.pending_packet
                0x00202f6c       0x10 obj_zoul/cc2538-rf.o
 .text.get_value
                0x00202f7c      0x164 obj_zoul/cc2538-rf.o
 .text.prepare  0x002030e0       0x64 obj_zoul/cc2538-rf.o
 .text.transmit
                0x00203144       0x98 obj_zoul/cc2538-rf.o
 .text.set_frame_filtering
                0x002031dc       0x18 obj_zoul/cc2538-rf.o
 .text.set_object
                0x002031f4       0x30 obj_zoul/cc2538-rf.o
 .text.read     0x00203224       0xe4 obj_zoul/cc2538-rf.o
 .text.get_object
                0x00203308      0x144 obj_zoul/cc2538-rf.o
 .text.set_poll_mode
                0x0020344c       0x9c obj_zoul/cc2538-rf.o
 .text.set_value
                0x002034e8       0xe8 obj_zoul/cc2538-rf.o
 .text.init     0x002035d0       0xc8 obj_zoul/cc2538-rf.o
 .text.process_thread_cc2538_rf_process
                0x00203698       0x90 obj_zoul/cc2538-rf.o
 .text.cc2538_rf_rx_tx_isr
                0x00203728       0x24 obj_zoul/cc2538-rf.o
                0x00203728                cc2538_rf_rx_tx_isr
 .text.cc2538_rf_err_isr
                0x0020374c       0x28 obj_zoul/cc2538-rf.o
                0x0020374c                cc2538_rf_err_isr
 .text.udma_init
                0x00203774       0x34 obj_zoul/udma.o
                0x00203774                udma_init
 .text.udma_set_channel_src
                0x002037a8       0x10 obj_zoul/udma.o
                0x002037a8                udma_set_channel_src
 .text.udma_set_channel_dst
                0x002037b8       0x14 obj_zoul/udma.o
                0x002037b8                udma_set_channel_dst
 .text.udma_set_channel_control_word
                0x002037cc       0x14 obj_zoul/udma.o
                0x002037cc                udma_set_channel_control_word
 .text.udma_channel_enable
                0x002037e0       0x18 obj_zoul/udma.o
                0x002037e0                udma_channel_enable
 .text.udma_channel_mask_set
                0x002037f8       0x18 obj_zoul/udma.o
                0x002037f8                udma_channel_mask_set
 .text.udma_channel_sw_request
                0x00203810       0x18 obj_zoul/udma.o
                0x00203810                udma_channel_sw_request
 .text.udma_channel_get_mode
                0x00203828       0x1c obj_zoul/udma.o
                0x00203828                udma_channel_get_mode
 .text.udma_isr
                0x00203844       0x10 obj_zoul/udma.o
                0x00203844                udma_isr
 .text.udma_err_isr
                0x00203854        0xc obj_zoul/udma.o
                0x00203854                udma_err_isr
 .text.select_32_mhz_xosc
                0x00203860       0x2c obj_zoul/lpm.o
 .text.lpm_exit
                0x0020388c       0x34 obj_zoul/lpm.o
                0x0020388c                lpm_exit
 .text.lpm_enter
                0x002038c0       0xb0 obj_zoul/lpm.o
                0x002038c0                lpm_enter
 .text.lpm_register_peripheral
                0x00203970       0x20 obj_zoul/lpm.o
                0x00203970                lpm_register_peripheral
 .text.lpm_init
                0x00203990       0x24 obj_zoul/lpm.o
                0x00203990                lpm_init
 .text.pka_isr  0x002039b4       0x28 obj_zoul/pka.o
                0x002039b4                pka_isr
 .text.ieee_addr_cpy_to
                0x002039dc       0x74 obj_zoul/ieee-addr.o
                0x002039dc                ieee_addr_cpy_to
 .text.printf   0x00203a50       0x20 obj_zoul/dbg-printf.o
                0x00203a50                printf
 .text.fill_space
                0x00203a70       0x34 obj_zoul/strformat.o
 .text.format_str_v
                0x00203aa4      0x6e8 obj_zoul/strformat.o
                0x00203aa4                format_str_v
 .text.process_thread_ctimer_process
                0x0020418c       0x80 obj_zoul/ctimer.o
 .text.ctimer_init
                0x0020420c       0x28 obj_zoul/ctimer.o
                0x0020420c                ctimer_init
 .text.ctimer_set_with_process
                0x00204234       0x44 obj_zoul/ctimer.o
                0x00204234                ctimer_set_with_process
 .text.ctimer_set
                0x00204278       0x14 obj_zoul/ctimer.o
                0x00204278                ctimer_set
 .text.ctimer_stop
                0x0020428c       0x2c obj_zoul/ctimer.o
                0x0020428c                ctimer_stop
 .text.update_time
                0x002042b8       0x44 obj_zoul/etimer.o
 .text.etimer_request_poll
                0x002042fc        0xc obj_zoul/etimer.o
                0x002042fc                etimer_request_poll
 .text.process_thread_etimer_process
                0x00204308       0x94 obj_zoul/etimer.o
 .text.add_timer
                0x0020439c       0x40 obj_zoul/etimer.o
 .text.etimer_pending
                0x002043dc       0x10 obj_zoul/etimer.o
                0x002043dc                etimer_pending
 .text.etimer_stop
                0x002043ec       0x34 obj_zoul/etimer.o
                0x002043ec                etimer_stop
 .text.call_process.part.0
                0x00204420       0x38 obj_zoul/process.o
 .text.exit_process
                0x00204458       0x80 obj_zoul/process.o
 .text.do_poll  0x002044d8       0x30 obj_zoul/process.o
 .text.process_alloc_event
                0x00204508       0x10 obj_zoul/process.o
                0x00204508                process_alloc_event
 .text.process_init
                0x00204518       0x30 obj_zoul/process.o
                0x00204518                process_init
 .text.process_run
                0x00204548       0x84 obj_zoul/process.o
                0x00204548                process_run
 .text.process_nevents
                0x002045cc       0x14 obj_zoul/process.o
                0x002045cc                process_nevents
 .text.process_post
                0x002045e0       0x3c obj_zoul/process.o
                0x002045e0                process_post
 .text.process_post_synch
                0x0020461c       0x14 obj_zoul/process.o
                0x0020461c                process_post_synch
 .text.process_start
                0x00204630       0x30 obj_zoul/process.o
                0x00204630                process_start
 .text.process_poll
                0x00204660       0x18 obj_zoul/process.o
                0x00204660                process_poll
 .text.rtimer_set
                0x00204678       0x24 obj_zoul/rtimer.o
                0x00204678                rtimer_set
 .text.rtimer_run_next
                0x0020469c       0x28 obj_zoul/rtimer.o
                0x0020469c                rtimer_run_next
 .text.process_thread_serial_line_process
                0x002046c4       0x98 obj_zoul/serial-line.o
 .text.serial_line_input_byte
                0x0020475c       0x44 obj_zoul/serial-line.o
                0x0020475c                serial_line_input_byte
 .text.serial_line_init
                0x002047a0       0x24 obj_zoul/serial-line.o
                0x002047a0                serial_line_init
 .text.process_thread_sensors_process
                0x002047c4       0xd4 obj_zoul/sensors.o
 .text.sensors_changed
                0x00204898       0x38 obj_zoul/sensors.o
                0x00204898                sensors_changed
 .text.random_rand
                0x002048d0       0x20 obj_zoul/random.o
                0x002048d0                random_rand
 .text.random_init
                0x002048f0       0x78 obj_zoul/random.o
                0x002048f0                random_init
 .text.get_bits_in_byte
                0x00204968       0x24 obj_zoul/chameleon-bitopt.o
 .text.set_timers
                0x0020498c       0x3c obj_zoul/broadcast-announcement.o
 .text.send_timer
                0x002049c8       0x18 obj_zoul/broadcast-announcement.o
 .text.send_adv
                0x002049e0       0x54 obj_zoul/broadcast-announcement.o
 .text.new_announcement
                0x00204a34       0x18 obj_zoul/broadcast-announcement.o
 .text.broadcast_announcement_init
                0x00204a4c       0x34 obj_zoul/broadcast-announcement.o
                0x00204a4c                broadcast_announcement_init
 .text.broadcast_open
                0x00204a80       0x24 obj_zoul/broadcast.o
                0x00204a80                broadcast_open
 .text.broadcast_send
                0x00204aa4       0x1c obj_zoul/broadcast.o
                0x00204aa4                broadcast_send
 .text.announcement_init
                0x00204ac0        0xc obj_zoul/announcement.o
                0x00204ac0                announcement_init
 .text.announcement_register_observer_callback
                0x00204acc        0xc obj_zoul/announcement.o
                0x00204acc                announcement_register_observer_callback
 .text.announcement_list
                0x00204ad8        0xc obj_zoul/announcement.o
                0x00204ad8                announcement_list
 .text.announcement_heard
                0x00204ae4       0x38 obj_zoul/announcement.o
                0x00204ae4                announcement_heard
 .text.packet_sent
                0x00204b1c       0x34 obj_zoul/rime.o
 .text.input    0x00204b50       0x34 obj_zoul/rime.o
 .text.rime_output
                0x00204b84       0x24 obj_zoul/rime.o
                0x00204b84                rime_output
 .text.chameleon_parse
                0x00204ba8       0x1c obj_zoul/chameleon.o
                0x00204ba8                chameleon_parse
 .text.chameleon_create
                0x00204bc4       0x20 obj_zoul/chameleon.o
                0x00204bc4                chameleon_create
 .text.chameleon_hdrsize
                0x00204be4        0xc obj_zoul/chameleon.o
                0x00204be4                chameleon_hdrsize
 .text.channel_init
                0x00204bf0        0xc obj_zoul/channel.o
                0x00204bf0                channel_init
 .text.channel_open
                0x00204bfc       0x10 obj_zoul/channel.o
                0x00204bfc                channel_open
 .text.channel_close
                0x00204c0c        0xc obj_zoul/channel.o
                0x00204c0c                channel_close
 .text.channel_lookup
                0x00204c18       0x20 obj_zoul/channel.o
                0x00204c18                channel_lookup
 .text.abc_open
                0x00204c38       0x20 obj_zoul/abc.o
                0x00204c38                abc_open
 .text.queuebuf_init
                0x00204c58       0x1c obj_zoul/queuebuf.o
                0x00204c58                queuebuf_init
 .text.queuebuf_new_from_packetbuf
                0x00204c74       0x44 obj_zoul/queuebuf.o
                0x00204c74                queuebuf_new_from_packetbuf
 .text.queuebuf_free
                0x00204cb8       0x2c obj_zoul/queuebuf.o
                0x00204cb8                queuebuf_free
 .text.queuebuf_to_packetbuf
                0x00204ce4       0x30 obj_zoul/queuebuf.o
                0x00204ce4                queuebuf_to_packetbuf
 .text.packetbuf_hdrreduce
                0x00204d14       0x2c obj_zoul/packetbuf.o
                0x00204d14                packetbuf_hdrreduce
 .text.packetbuf_set_datalen
                0x00204d40        0xc obj_zoul/packetbuf.o
                0x00204d40                packetbuf_set_datalen
 .text.packetbuf_hdrptr
                0x00204d4c        0x8 obj_zoul/packetbuf.o
                0x00204d4c                packetbuf_hdrptr
 .text.packetbuf_datalen
                0x00204d54        0xc obj_zoul/packetbuf.o
                0x00204d54                packetbuf_datalen
 .text.packetbuf_hdrlen
                0x00204d60       0x18 obj_zoul/packetbuf.o
                0x00204d60                packetbuf_hdrlen
 .text.packetbuf_compact
                0x00204d78       0x4c obj_zoul/packetbuf.o
                0x00204d78                packetbuf_compact
 .text.packetbuf_dataptr
                0x00204dc4       0x10 obj_zoul/packetbuf.o
                0x00204dc4                packetbuf_dataptr
 .text.packetbuf_copyto
                0x00204dd4       0x40 obj_zoul/packetbuf.o
                0x00204dd4                packetbuf_copyto
 .text.packetbuf_totlen
                0x00204e14       0x14 obj_zoul/packetbuf.o
                0x00204e14                packetbuf_totlen
 .text.packetbuf_hdralloc
                0x00204e28       0x3c obj_zoul/packetbuf.o
                0x00204e28                packetbuf_hdralloc
 .text.packetbuf_attr_clear
                0x00204e64       0x2c obj_zoul/packetbuf.o
                0x00204e64                packetbuf_attr_clear
 .text.packetbuf_clear
                0x00204e90       0x20 obj_zoul/packetbuf.o
                0x00204e90                packetbuf_clear
 .text.packetbuf_copyfrom
                0x00204eb0       0x2c obj_zoul/packetbuf.o
                0x00204eb0                packetbuf_copyfrom
 .text.packetbuf_attr_copyto
                0x00204edc       0x28 obj_zoul/packetbuf.o
                0x00204edc                packetbuf_attr_copyto
 .text.packetbuf_attr_copyfrom
                0x00204f04       0x28 obj_zoul/packetbuf.o
                0x00204f04                packetbuf_attr_copyfrom
 .text.packetbuf_set_attr
                0x00204f2c       0x10 obj_zoul/packetbuf.o
                0x00204f2c                packetbuf_set_attr
 .text.packetbuf_attr
                0x00204f3c        0xc obj_zoul/packetbuf.o
                0x00204f3c                packetbuf_attr
 .text.packetbuf_set_addr
                0x00204f48       0x18 obj_zoul/packetbuf.o
                0x00204f48                packetbuf_set_addr
 .text.packetbuf_addr
                0x00204f60       0x10 obj_zoul/packetbuf.o
                0x00204f60                packetbuf_addr
 .text.packetbuf_holds_broadcast
                0x00204f70       0x10 obj_zoul/packetbuf.o
                0x00204f70                packetbuf_holds_broadcast
 .text.netstack_init
                0x00204f80       0x38 obj_zoul/netstack.o
                0x00204f80                netstack_init
 .text.mac_sequence_is_duplicate
                0x00204fb8       0x4c obj_zoul/mac-sequence.o
                0x00204fb8                mac_sequence_is_duplicate
 .text.mac_sequence_register_seqno
                0x00205004       0x64 obj_zoul/mac-sequence.o
                0x00205004                mac_sequence_register_seqno
 .text.input_packet
                0x00205068        0xc obj_zoul/csma.o
 .text.on       0x00205074        0xc obj_zoul/csma.o
 .text.off      0x00205080        0xc obj_zoul/csma.o
 .text.channel_check_interval
                0x0020508c       0x10 obj_zoul/csma.o
 .text.transmit_packet_list
                0x0020509c       0x30 obj_zoul/csma.o
 .text.schedule_transmission
                0x002050cc       0x4c obj_zoul/csma.o
 .text.send_packet
                0x00205118      0x148 obj_zoul/csma.o
 .text.init     0x00205260       0x24 obj_zoul/csma.o
 .text.tx_done  0x00205284       0x88 obj_zoul/csma.o
 .text.frame802154_get_pan_id
                0x0020530c        0xc obj_zoul/frame802154.o
                0x0020530c                frame802154_get_pan_id
 .text.frame802154_parse
                0x00205318      0x12c obj_zoul/frame802154.o
                0x00205318                frame802154_parse
 .text.create_frame.isra.0
                0x00205444      0x128 obj_zoul/framer-802154.o
 .text.init     0x0020556c       0x40 obj_zoul/contikimac.o
 .text.on       0x002055ac       0x2c obj_zoul/contikimac.o
 .text.off      0x002055d8       0x38 obj_zoul/contikimac.o
 .text.recv_burst_off
                0x00205610       0x14 obj_zoul/contikimac.o
 .text.powercycle_turn_radio_off
                0x00205624       0x1c obj_zoul/contikimac.o
 .text.turn_off
                0x00205640       0x38 obj_zoul/contikimac.o
 .text.turn_on  0x00205678       0x40 obj_zoul/contikimac.o
 .text.schedule_powercycle_fixed
                0x002056b8       0x34 obj_zoul/contikimac.o
 .text.input_packet
                0x002056ec       0xa8 obj_zoul/contikimac.o
 .text.send_packet.isra.8
                0x00205794      0x1f8 obj_zoul/contikimac.o
 .text.qsend_list
                0x0020598c       0xd0 obj_zoul/contikimac.o
 .text.powercycle_wrapper
                0x00205a5c      0x1ec obj_zoul/contikimac.o
 .text.hdr_length
                0x00205c48       0x10 obj_zoul/contikimac-framer.o
 .text.parse    0x00205c58       0x38 obj_zoul/contikimac-framer.o
 .text.create   0x00205c90       0x6c obj_zoul/contikimac-framer.o
 .text.input    0x00205cfc        0xc obj_zoul/nullsec.o
 .text.send     0x00205d08       0x20 obj_zoul/nullsec.o
 .text.process_thread_example_broadcast_process
                0x00205d28       0x88 example-broadcast.co
 .text.broadcast_recv
                0x00205db0       0x20 example-broadcast.co
 .text          0x00205dd0       0x30 /usr/lib/gcc/arm-none-eabi/4.9.3/armv7-m/libgcc.a(_aeabi_uldivmod.o)
                0x00205dd0                __aeabi_uldivmod
 .text          0x00205e00       0x60 /usr/lib/gcc/arm-none-eabi/4.9.3/armv7-m/libgcc.a(bpabi.o)
                0x00205e00                __gnu_ldivmod_helper
                0x00205e30                __gnu_uldivmod_helper
 .text          0x00205e60        0x4 /usr/lib/gcc/arm-none-eabi/4.9.3/armv7-m/libgcc.a(_dvmd_tls.o)
                0x00205e60                __aeabi_ldiv0
                0x00205e60                __aeabi_idiv0
 .text          0x00205e64      0x2ac /usr/lib/gcc/arm-none-eabi/4.9.3/armv7-m/libgcc.a(_divdi3.o)
                0x00205e64                __divdi3
 .text          0x00206110      0x270 /usr/lib/gcc/arm-none-eabi/4.9.3/armv7-m/libgcc.a(_udivdi3.o)
                0x00206110                __udivdi3
 .text.memcmp   0x00206380       0x64 /usr/lib/gcc/arm-none-eabi/4.9.3/../../../arm-none-eabi/lib/armv7-m/libc.a(lib_a-memcmp.o)
                0x00206380                memcmp
 .text          0x002063e4       0xec /usr/lib/gcc/arm-none-eabi/4.9.3/../../../arm-none-eabi/lib/armv7-m/libc.a(lib_a-memcpy.o)
                0x002063e4                memcpy
 .text.memset   0x002064d0       0x9c /usr/lib/gcc/arm-none-eabi/4.9.3/../../../arm-none-eabi/lib/armv7-m/libc.a(lib_a-memset.o)
                0x002064d0                memset
 .text.default_handler
                0x0020656c        0x2 obj_zoul/startup-gcc.o
                0x0020656c                default_handler
 .text.nmi_handler
                0x0020656e        0x6 obj_zoul/startup-gcc.o
                0x0020656e                nmi_handler
 .text.fade     0x00206574       0x54 obj_zoul/contiki-main.o
 .text.board_init
                0x002065c8        0x4 obj_zoul/board.o
                0x002065c8                board_init
 .text.clock_isr
                0x002065cc        0x4 obj_zoul/clock.o
                0x002065cc                clock_isr
 .text.rtimer_arch_init
                0x002065d0        0x2 obj_zoul/rtimer-arch.o
                0x002065d0                rtimer_arch_init
 .text.uart0_isr
                0x002065d2        0x6 obj_zoul/uart.o
                0x002065d2                uart0_isr
 .text.uart1_isr
                0x002065d8        0x6 obj_zoul/uart.o
                0x002065d8                uart1_isr
 .text.gpio_port_a_isr
                0x002065de        0x6 obj_zoul/gpio.o
                0x002065de                gpio_port_a_isr
 .text.gpio_port_b_isr
                0x002065e4        0x6 obj_zoul/gpio.o
                0x002065e4                gpio_port_b_isr
 .text.gpio_port_c_isr
                0x002065ea        0x6 obj_zoul/gpio.o
                0x002065ea                gpio_port_c_isr
 .text.gpio_port_d_isr
                0x002065f0        0x6 obj_zoul/gpio.o
                0x002065f0                gpio_port_d_isr
 .text.send     0x002065f6       0x12 obj_zoul/cc2538-rf.o
 .text.putchar  0x00206608       0x10 obj_zoul/dbg.o
                0x00206608                putchar
 .text.dbg_send_bytes
                0x00206618       0x20 obj_zoul/dbg.o
                0x00206618                dbg_send_bytes
 .text.puts     0x00206638       0x20 obj_zoul/dbg.o
                0x00206638                puts
 .text.configure
                0x00206658        0x4 obj_zoul/cc2538-temp-sensor.o
 .text.status   0x0020665c        0x4 obj_zoul/cc2538-temp-sensor.o
 .text.value    0x00206660       0x34 obj_zoul/cc2538-temp-sensor.o
 .text.configure
                0x00206694        0x4 obj_zoul/vdd3-sensor.o
 .text.status   0x00206698        0x4 obj_zoul/vdd3-sensor.o
 .text.value    0x0020669c       0x2a obj_zoul/vdd3-sensor.o
 .text.write_str
                0x002066c6       0x10 obj_zoul/dbg-printf.o
 .text.autostart_start
                0x002066d6       0x14 obj_zoul/autostart.o
                0x002066d6                autostart_start
 .text.energest_init
                0x002066ea        0x2 obj_zoul/energest.o
                0x002066ea                energest_init
 .text.etimer_set
                0x002066ec       0x12 obj_zoul/etimer.o
                0x002066ec                etimer_set
 .text.etimer_expired
                0x002066fe        0xa obj_zoul/etimer.o
                0x002066fe                etimer_expired
 .text.call_process
                0x00206708        0xc obj_zoul/process.o
 .text.rtimer_init
                0x00206714        0x4 obj_zoul/rtimer.o
                0x00206714                rtimer_init
 .text.timer_set
                0x00206718        0xe obj_zoul/timer.o
                0x00206718                timer_set
 .text.timer_expired
                0x00206726       0x1c obj_zoul/timer.o
                0x00206726                timer_expired
 .text.list_init
                0x00206742        0x6 obj_zoul/list.o
                0x00206742                list_init
 .text.list_head
                0x00206748        0x4 obj_zoul/list.o
                0x00206748                list_head
 .text.list_tail
                0x0020674c       0x10 obj_zoul/list.o
                0x0020674c                list_tail
 .text.list_remove
                0x0020675c       0x28 obj_zoul/list.o
                0x0020675c                list_remove
 .text.list_add
                0x00206784       0x1e obj_zoul/list.o
                0x00206784                list_add
 .text.list_push
                0x002067a2       0x12 obj_zoul/list.o
                0x002067a2                list_push
 .text.list_length
                0x002067b4        0xe obj_zoul/list.o
                0x002067b4                list_length
 .text.list_item_next
                0x002067c2        0x6 obj_zoul/list.o
                0x002067c2                list_item_next
 .text.memb_init
                0x002067c8       0x20 obj_zoul/memb.o
                0x002067c8                memb_init
 .text.memb_alloc
                0x002067e8       0x28 obj_zoul/memb.o
                0x002067e8                memb_alloc
 .text.memb_free
                0x00206810       0x2c obj_zoul/memb.o
                0x00206810                memb_free
 .text.memb_inmemb
                0x0020683c       0x1c obj_zoul/memb.o
                0x0020683c                memb_inmemb
 .text.ringbuf_init
                0x00206858        0xe obj_zoul/ringbuf.o
                0x00206858                ringbuf_init
 .text.ringbuf_put
                0x00206866       0x28 obj_zoul/ringbuf.o
                0x00206866                ringbuf_put
 .text.ringbuf_get
                0x0020688e       0x20 obj_zoul/ringbuf.o
                0x0020688e                ringbuf_get
 .text.header_size
                0x002068ae       0x16 obj_zoul/chameleon-bitopt.o
 .text.get_bits
                0x002068c4       0x74 obj_zoul/chameleon-bitopt.o
                0x002068c4                get_bits
 .text.unpack_header
                0x00206938       0xa6 obj_zoul/chameleon-bitopt.o
 .text.set_bits
                0x002069de       0xa0 obj_zoul/chameleon-bitopt.o
                0x002069de                set_bits
 .text.pack_header
                0x00206a7e       0x8a obj_zoul/chameleon-bitopt.o
 .text.adv_packet_sent
                0x00206b08        0x2 obj_zoul/broadcast-announcement.o
 .text.adv_packet_received
                0x00206b0a       0x44 obj_zoul/broadcast-announcement.o
 .text.sent_by_abc
                0x00206b4e        0xa obj_zoul/broadcast.o
 .text.recv_from_abc
                0x00206b58       0x22 obj_zoul/broadcast.o
 .text.broadcast_close
                0x00206b7a        0x4 obj_zoul/broadcast.o
                0x00206b7a                broadcast_close
 .text.init     0x00206b7e       0x28 obj_zoul/rime.o
 .text.chameleon_init
                0x00206ba6        0x4 obj_zoul/chameleon.o
                0x00206ba6                chameleon_init
 .text.channel_set_attributes
                0x00206baa       0x18 obj_zoul/channel.o
                0x00206baa                channel_set_attributes
 .text.abc_close
                0x00206bc2        0x4 obj_zoul/abc.o
                0x00206bc2                abc_close
 .text.abc_send
                0x00206bc6        0x4 obj_zoul/abc.o
                0x00206bc6                abc_send
 .text.abc_input
                0x00206bca        0xa obj_zoul/abc.o
                0x00206bca                abc_input
 .text.abc_sent
                0x00206bd4        0xa obj_zoul/abc.o
                0x00206bd4                abc_sent
 .text.svcall_handler
                0x00206bde       0x1e obj_zoul/mtarch.o
                0x00206bde                svcall_handler
 .text.pendsv_handler
                0x00206bfc       0x18 obj_zoul/mtarch.o
                0x00206bfc                pendsv_handler
 .text.queuebuf_update_attr_from_packetbuf
                0x00206c14        0xc obj_zoul/queuebuf.o
                0x00206c14                queuebuf_update_attr_from_packetbuf
 .text.queuebuf_update_from_packetbuf
                0x00206c20       0x1c obj_zoul/queuebuf.o
                0x00206c20                queuebuf_update_from_packetbuf
 .text.queuebuf_attr
                0x00206c3c        0xc obj_zoul/queuebuf.o
                0x00206c3c                queuebuf_attr
 .text.linkaddr_copy
                0x00206c48        0x6 obj_zoul/linkaddr.o
                0x00206c48                linkaddr_copy
 .text.linkaddr_cmp
                0x00206c4e       0x10 obj_zoul/linkaddr.o
                0x00206c4e                linkaddr_cmp
 .text.packet_sent
                0x00206c5e       0xca obj_zoul/csma.o
 .text.frame802154_has_panid
                0x00206d28       0xb0 obj_zoul/frame802154.o
                0x00206d28                frame802154_has_panid
 .text.field_len
                0x00206dd8       0x84 obj_zoul/frame802154.o
 .text.frame802154_is_broadcast_addr
                0x00206e5c       0x1e obj_zoul/frame802154.o
                0x00206e5c                frame802154_is_broadcast_addr
 .text.frame802154_hdrlen
                0x00206e7a       0x32 obj_zoul/frame802154.o
                0x00206e7a                frame802154_hdrlen
 .text.frame802154_create_fcf
                0x00206eac       0x62 obj_zoul/frame802154.o
                0x00206eac                frame802154_create_fcf
 .text.frame802154_create
                0x00206f0e       0x92 obj_zoul/frame802154.o
                0x00206f0e                frame802154_create
 .text.frame802154_parse_fcf
                0x00206fa0       0x40 obj_zoul/frame802154.o
                0x00206fa0                frame802154_parse_fcf
 .text.mac_call_sent_callback
                0x00206fe0       0x16 obj_zoul/mac.o
                0x00206fe0                mac_call_sent_callback
 .text.parse    0x00206ff6       0x9e obj_zoul/framer-802154.o
 .text.create   0x00207094        0x6 obj_zoul/framer-802154.o
 .text.hdr_length
                0x0020709a        0x6 obj_zoul/framer-802154.o
 .text.duty_cycle
                0x002070a0        0x4 obj_zoul/contikimac.o
 .text.qsend_packet
                0x002070a4       0x22 obj_zoul/contikimac.o
 .text.init     0x002070c6        0x2 obj_zoul/nullsec.o
 *(SORT(.rodata*))
 .rodata.button_sensor
                0x002070c8       0x10 obj_zoul/button-sensor.o
                0x002070c8                button_sensor
 .rodata.uart_regs
                0x002070d8       0x58 obj_zoul/uart.o
 .rodata.reset_cause.5159
                0x00207130       0x10 obj_zoul/sys-ctrl.o
 .rodata.output_power
                0x00207140       0x70 obj_zoul/cc2538-rf.o
 .rodata.cc2538_rf_driver
                0x002071b0       0x38 obj_zoul/cc2538-rf.o
                0x002071b0                cc2538_rf_driver
 .rodata.cc2538_temp_sensor
                0x002071e8       0x10 obj_zoul/cc2538-temp-sensor.o
                0x002071e8                cc2538_temp_sensor
 .rodata.vdd3_sensor
                0x002071f8       0x10 obj_zoul/vdd3-sensor.o
                0x002071f8                vdd3_sensor
 .rodata.chameleon_bitopt
                0x00207208        0xc obj_zoul/chameleon-bitopt.o
                0x00207208                chameleon_bitopt
 .rodata.broadcast_callbacks
                0x00207214        0x8 obj_zoul/broadcast-announcement.o
 .rodata.broadcast
                0x0020721c        0x8 obj_zoul/broadcast.o
 .rodata.rime_driver
                0x00207224        0xc obj_zoul/rime.o
                0x00207224                rime_driver
 .rodata.csma_driver
                0x00207230       0x1c obj_zoul/csma.o
                0x00207230                csma_driver
 .rodata.framer_802154
                0x0020724c        0xc obj_zoul/framer-802154.o
                0x0020724c                framer_802154
 .rodata.contikimac_driver
                0x00207258       0x20 obj_zoul/contikimac.o
                0x00207258                contikimac_driver
 .rodata.contikimac_framer
                0x00207278        0xc obj_zoul/contikimac-framer.o
                0x00207278                contikimac_framer
 .rodata.nullsec_driver
                0x00207284       0x10 obj_zoul/nullsec.o
                0x00207284                nullsec_driver
 .rodata.broadcast_call
                0x00207294        0x8 example-broadcast.co
 .rodata.autostart_processes
                0x0020729c        0x8 example-broadcast.co
                0x0020729c                autostart_processes
 .rodata.linkaddr_null
                0x002072a4        0x2 obj_zoul/linkaddr.o
                0x002072a4                linkaddr_null
 .rodata.str1.1
                0x002072a6       0x7e obj_zoul/contiki-main.o
 .rodata.str1.1
                0x00207324        0x7 obj_zoul/button-sensor.o
 .rodata.str1.1
                0x0020732b       0x94 obj_zoul/soc.o
 .rodata.str1.1
                0x002073bf       0x2d obj_zoul/sys-ctrl.o
 .rodata.str1.1
                0x002073ec       0x11 obj_zoul/cc2538-rf.o
 .rodata.str1.1
                0x002073fd       0x14 obj_zoul/cc2538-temp-sensor.o
 .rodata.str1.1
                0x00207411        0x5 obj_zoul/vdd3-sensor.o
 .rodata.buffer.4159
                0x00207416       0x10 obj_zoul/strformat.o
 .rodata.str1.1
                0x00207426       0x35 obj_zoul/strformat.o
                                 0x37 (size before relaxing)
 .rodata.buffer.4150
                0x0020745b       0x10 obj_zoul/strformat.o
 .rodata.str1.1
                0x0020746b        0xf obj_zoul/ctimer.o
 .rodata.str1.1
                0x0020747a        0xc obj_zoul/etimer.o
 .rodata.str1.1
                0x00207486        0xe obj_zoul/serial-line.o
 .rodata.str1.1
                0x00207494        0x8 obj_zoul/sensors.o
 .rodata.bitmask
                0x0020749c        0x9 obj_zoul/chameleon-bitopt.o
 .rodata.attributes
                0x002074a5        0x4 obj_zoul/broadcast.o
 .rodata.str1.1
                0x002074a9        0x5 obj_zoul/rime.o
 .rodata.attributes
                0x002074ae        0x2 obj_zoul/abc.o
 .rodata.str1.1
                0x002074b0        0x5 obj_zoul/csma.o
 .rodata.str1.1
                0x002074b5        0xb obj_zoul/contikimac.o
 .rodata.str1.1
                0x002074c0        0x8 obj_zoul/nullsec.o
 .rodata.str1.1
                0x002074c8       0x5c example-broadcast.co
                0x00207524                _etext = .

.glue_7         0x00207524        0x0
 .glue_7        0x00207524        0x0 linker stubs

.glue_7t        0x00207524        0x0
 .glue_7t       0x00207524        0x0 linker stubs

.vfp11_veneer   0x00207524        0x0
 .vfp11_veneer  0x00207524        0x0 linker stubs

.v4_bx          0x00207524        0x0
 .v4_bx         0x00207524        0x0 linker stubs

.iplt           0x00207524        0x0
 .iplt          0x00207524        0x0 obj_zoul/startup-gcc.o

.socdata        0x20004000       0x40
 *(SORT(.udma_channel_control_table))
 .udma_channel_control_table
                0x20004000       0x40 obj_zoul/udma.o

.data           0x20004040       0xb8 load address 0x00207524
                0x20004040                _data = .
 *(SORT(.data*))
 .data.sensors  0x20004040       0x10 obj_zoul/zoul-sensors.o
                0x20004040                sensors
 .data.cc2538_rf_process
                0x20004050       0x10 obj_zoul/cc2538-rf.o
                0x20004050                cc2538_rf_process
 .data.ctxt     0x20004060        0x8 obj_zoul/dbg-printf.o
 .data.ctimer_process
                0x20004068       0x10 obj_zoul/ctimer.o
                0x20004068                ctimer_process
 .data.etimer_process
                0x20004078       0x10 obj_zoul/etimer.o
                0x20004078                etimer_process
 .data.serial_line_process
                0x20004088       0x10 obj_zoul/serial-line.o
                0x20004088                serial_line_process
 .data.sensors_process
                0x20004098       0x10 obj_zoul/sensors.o
                0x20004098                sensors_process
 .data.bufmem   0x200040a8        0xc obj_zoul/queuebuf.o
 .data.buframmem
                0x200040b4        0xc obj_zoul/queuebuf.o
 .data.metadata_memb
                0x200040c0        0xc obj_zoul/csma.o
 .data.neighbor_memb
                0x200040cc        0xc obj_zoul/csma.o
 .data.packet_memb
                0x200040d8        0xc obj_zoul/csma.o
 .data.example_broadcast_process
                0x200040e4       0x10 example-broadcast.co
                0x200040e4                example_broadcast_process
 .data.mac_pan_id
                0x200040f4        0x2 obj_zoul/frame802154.o
 .data.send_on_cca
                0x200040f6        0x1 obj_zoul/cc2538-rf.o
 .data.rf_channel
                0x200040f7        0x1 obj_zoul/cc2538-rf.o
                0x200040f8                _edata = .
                0x00207524                _ldata = LOADADDR (.data)

.igot.plt       0x200040f8        0x0 load address 0x002075dc
 .igot.plt      0x200040f8        0x0 obj_zoul/startup-gcc.o

.ARM.exidx      0x002075dc        0x8
 *(SORT(.ARM.exidx*))
 .ARM.exidx     0x002075dc        0x8 /usr/lib/gcc/arm-none-eabi/4.9.3/armv7-m/libgcc.a(_divdi3.o)
 .ARM.exidx     0x002075e4        0x0 /usr/lib/gcc/arm-none-eabi/4.9.3/armv7-m/libgcc.a(_udivdi3.o)
                                  0x8 (size before relaxing)

.bss            0x200040f8      0xd7b
                0x200040f8                _bss = .
 *(SORT(.bss*))
 .bss.rt_ticks_startup
                0x200040f8        0x8 obj_zoul/clock.o
 .bss.rt_ticks_epoch
                0x20004100        0x8 obj_zoul/clock.o
 .bss.press_counter
                0x20004108       0x20 obj_zoul/button-sensor.o
 .bss.debouncetimer
                0x20004128        0x8 obj_zoul/button-sensor.o
 .bss.press_duration
                0x20004130        0x4 obj_zoul/button-sensor.o
 .bss.next_trigger
                0x20004134        0x4 obj_zoul/rtimer-arch.o
 .bss.input_handler
                0x20004138        0x8 obj_zoul/uart.o
 .bss.gpio_callbacks
                0x20004140       0x80 obj_zoul/gpio.o
 .bss.ioc_sel   0x200041c0        0x4 obj_zoul/ioc.o
 .bss.ioc_over  0x200041c4        0x4 obj_zoul/ioc.o
 .bss.notification_process
                0x200041c8        0x4 obj_zoul/crypto.o
 .bss.periph_permit_pm1_funcs
                0x200041cc       0x14 obj_zoul/lpm.o
 .bss.notification_process
                0x200041e0        0x4 obj_zoul/pka.o
 .bss.ctimer_list_list
                0x200041e4        0x4 obj_zoul/ctimer.o
 .bss.timerlist
                0x200041e8        0x4 obj_zoul/etimer.o
 .bss.next_expiration
                0x200041ec        0x4 obj_zoul/etimer.o
 .bss.process_current
                0x200041f0        0x4 obj_zoul/process.o
                0x200041f0                process_current
 .bss.process_list
                0x200041f4        0x4 obj_zoul/process.o
                0x200041f4                process_list
 .bss.events    0x200041f8      0x180 obj_zoul/process.o
 .bss.next_rtimer
                0x20004378        0x4 obj_zoul/rtimer.o
 .bss.rxbuf     0x2000437c        0x8 obj_zoul/serial-line.o
 .bss.ptr.5178  0x20004384        0x4 obj_zoul/serial-line.o
 .bss.events.5194
                0x20004388        0x4 obj_zoul/sensors.o
 .bss.i.5193    0x2000438c        0x4 obj_zoul/sensors.o
 .bss.c         0x20004390       0x6c obj_zoul/broadcast-announcement.o
 .bss.announcements_list
                0x200043fc        0x4 obj_zoul/announcement.o
 .bss.observer_callback
                0x20004400        0x4 obj_zoul/announcement.o
 .bss.sniffers_list
                0x20004404        0x4 obj_zoul/rime.o
 .bss.channel_list_list
                0x20004408        0x4 obj_zoul/channel.o
 .bss.bufmem_memb_mem
                0x2000440c       0x20 obj_zoul/queuebuf.o
 .bss.packetbuf_aligned
                0x2000442c       0x80 obj_zoul/packetbuf.o
 .bss.received_seqnos
                0x200044ac       0xc0 obj_zoul/mac-sequence.o
 .bss.neighbor_memb_memb_mem
                0x2000456c       0x68 obj_zoul/csma.o
 .bss.metadata_memb_memb_mem
                0x200045d4       0x60 obj_zoul/csma.o
 .bss.neighbor_list_list
                0x20004634        0x4 obj_zoul/csma.o
 .bss.packet_memb_memb_mem
                0x20004638       0x60 obj_zoul/csma.o
 .bss.cycle_start
                0x20004698        0x4 obj_zoul/contikimac.o
 .bss.we_are_receiving_burst
                0x2000469c        0x4 obj_zoul/contikimac.o
 .bss.rt        0x200046a0        0xc obj_zoul/contikimac.o
 .bss.ct.7563   0x200046ac       0x20 obj_zoul/contikimac.o
 .bss.start.7488
                0x200046cc        0x4 obj_zoul/contikimac.o
 .bss.broadcast
                0x200046d0       0x18 example-broadcast.co
 .bss.et.7440   0x200046e8       0x10 example-broadcast.co
 .bss.buframmem_memb_mem
                0x200046f8      0x5f0 obj_zoul/queuebuf.o
 .bss.buflen    0x20004ce8        0x2 obj_zoul/packetbuf.o
 .bss.bufptr    0x20004cea        0x2 obj_zoul/packetbuf.o
 .bss.seqno.6763
                0x20004cec        0x2 obj_zoul/csma.o
 .bss.pt        0x20004cee        0x2 obj_zoul/contikimac.o
 .bss.leds      0x20004cf0        0x1 obj_zoul/leds.o
 .bss.press_event_counter
                0x20004cf1        0x1 obj_zoul/button-sensor.o
 .bss.initialized
                0x20004cf2        0x1 obj_zoul/antenna-sw.o
 .bss.crc_corr  0x20004cf3        0x1 obj_zoul/cc2538-rf.o
 .bss.rssi      0x20004cf4        0x1 obj_zoul/cc2538-rf.o
 .bss.poll_mode
                0x20004cf5        0x1 obj_zoul/cc2538-rf.o
 .bss.rf_flags  0x20004cf6        0x1 obj_zoul/cc2538-rf.o
 .bss.max_pm    0x20004cf7        0x1 obj_zoul/lpm.o
 .bss.initialized
                0x20004cf8        0x1 obj_zoul/ctimer.o
 .bss.fevent    0x20004cf9        0x1 obj_zoul/process.o
 .bss.nevents   0x20004cfa        0x1 obj_zoul/process.o
 .bss.poll_requested
                0x20004cfb        0x1 obj_zoul/process.o
 .bss.lastevent
                0x20004cfc        0x1 obj_zoul/process.o
 .bss.rxbuf_data
                0x20004cfd       0x80 obj_zoul/serial-line.o
 .bss.overflow.5171
                0x20004d7d        0x1 obj_zoul/serial-line.o
 .bss.buf.5177  0x20004d7e       0x80 obj_zoul/serial-line.o
 .bss.num_sensors
                0x20004dfe        0x1 obj_zoul/sensors.o
 .bss.buframmem_memb_count
                0x20004dff        0x8 obj_zoul/queuebuf.o
 .bss.bufmem_memb_count
                0x20004e07        0x8 obj_zoul/queuebuf.o
 .bss.hdrlen    0x20004e0f        0x1 obj_zoul/packetbuf.o
 .bss.packet_memb_memb_count
                0x20004e10        0x8 obj_zoul/csma.o
 .bss.initialized.6762
                0x20004e18        0x1 obj_zoul/csma.o
 .bss.metadata_memb_memb_count
                0x20004e19        0x8 obj_zoul/csma.o
 .bss.neighbor_memb_memb_count
                0x20004e21        0x2 obj_zoul/csma.o
 .bss.mac_dsn   0x20004e23        0x1 obj_zoul/framer-802154.o
 .bss.initialized
                0x20004e24        0x1 obj_zoul/framer-802154.o
 .bss.count.7483
                0x20004e25        0x1 obj_zoul/contikimac.o
 .bss.periods.7490
                0x20004e26        0x1 obj_zoul/contikimac.o
 .bss.packet_seen.7482
                0x20004e27        0x1 obj_zoul/contikimac.o
 .bss.radio_is_on
                0x20004e28        0x1 obj_zoul/contikimac.o
 .bss.silence_periods.7489
                0x20004e29        0x1 obj_zoul/contikimac.o
 .bss.we_are_sending
                0x20004e2a        0x1 obj_zoul/contikimac.o
 .bss.contikimac_keep_radio_on
                0x20004e2b        0x1 obj_zoul/contikimac.o
 .bss.contikimac_is_on
                0x20004e2c        0x1 obj_zoul/contikimac.o
 *(SORT(COMMON))
 *fill*         0x20004e2d        0x1 
 COMMON         0x20004e2e       0x3c obj_zoul/packetbuf.o
                0x20004e2e                packetbuf_addrs
                0x20004e36                packetbuf_attrs
 COMMON         0x20004e6a        0x2 obj_zoul/linkaddr.o
                0x20004e6a                linkaddr_node_addr
 COMMON         0x20004e6c        0x1 obj_zoul/button-sensor.o
                0x20004e6c                button_press_duration_exceeded
 COMMON         0x20004e6d        0x4 obj_zoul/zoul-sensors.o
                0x20004e6d                sensors_flags
 COMMON         0x20004e71        0x1 obj_zoul/serial-line.o
                0x20004e71                serial_line_event_message
 COMMON         0x20004e72        0x1 obj_zoul/sensors.o
                0x20004e72                sensors_event
                0x20004e73                _ebss = .

.stack          0x20004e78      0x800
 *(SORT(.stack))
 .stack         0x20004e78      0x800 obj_zoul/startup-gcc.o
                0x20005678                _heap = .
                0x20008000                _eheap = (ORIGIN (FRSRAM) + LENGTH (FRSRAM))

.nrdata         0x20000000        0x0
                0x20000000                _nrdata = .
 *(SORT(.nrdata*))
                0x20000000                _enrdata = .

.flashcca       0x0027ffd4       0x2c
 *(SORT(.flashcca))
 .flashcca      0x0027ffd4       0x2c obj_zoul/startup-gcc.o
                0x0027ffd4                flash_cca_lock_page
OUTPUT(example-broadcast.elf elf32-littlearm)

.rel.dyn        0x00280000        0x0
 .rel.iplt      0x00280000        0x0 obj_zoul/startup-gcc.o

.comment        0x00000000       0x70
 .comment       0x00000000       0x38 obj_zoul/startup-gcc.o
                                 0x39 (size before relaxing)
 .comment       0x00000038       0x39 obj_zoul/contiki-main.o
 .comment       0x00000038       0x39 obj_zoul/leds.o
 .comment       0x00000038       0x39 obj_zoul/button-sensor.o
 .comment       0x00000038       0x39 obj_zoul/zoul-sensors.o
 .comment       0x00000038       0x39 obj_zoul/board.o
 .comment       0x00000038       0x39 obj_zoul/antenna-sw.o
 .comment       0x00000038       0x39 obj_zoul/leds-res-arch.o
 .comment       0x00000038       0x39 obj_zoul/soc.o
 .comment       0x00000038       0x39 obj_zoul/clock.o
 .comment       0x00000038       0x39 obj_zoul/rtimer-arch.o
 .comment       0x00000038       0x39 obj_zoul/uart.o
 .comment       0x00000038       0x39 obj_zoul/watchdog.o
 .comment       0x00000038       0x39 obj_zoul/nvic.o
 .comment       0x00000038       0x39 obj_zoul/sys-ctrl.o
 .comment       0x00000038       0x39 obj_zoul/gpio.o
 .comment       0x00000038       0x39 obj_zoul/ioc.o
 .comment       0x00000038       0x39 obj_zoul/adc.o
 .comment       0x00000038       0x39 obj_zoul/crypto.o
 .comment       0x00000038       0x39 obj_zoul/cc2538-rf.o
 .comment       0x00000038       0x39 obj_zoul/udma.o
 .comment       0x00000038       0x39 obj_zoul/lpm.o
 .comment       0x00000038       0x39 obj_zoul/pka.o
 .comment       0x00000038       0x39 obj_zoul/dbg.o
 .comment       0x00000038       0x39 obj_zoul/ieee-addr.o
 .comment       0x00000038       0x39 obj_zoul/cc2538-temp-sensor.o
 .comment       0x00000038       0x39 obj_zoul/vdd3-sensor.o
 .comment       0x00000038       0x39 obj_zoul/dbg-printf.o
 .comment       0x00000038       0x39 obj_zoul/strformat.o
 .comment       0x00000038       0x39 obj_zoul/autostart.o
 .comment       0x00000038       0x39 obj_zoul/energest.o
 .comment       0x00000038       0x39 obj_zoul/ctimer.o
 .comment       0x00000038       0x39 obj_zoul/etimer.o
 .comment       0x00000038       0x39 obj_zoul/process.o
 .comment       0x00000038       0x39 obj_zoul/rtimer.o
 .comment       0x00000038       0x39 obj_zoul/timer.o
 .comment       0x00000038       0x39 obj_zoul/serial-line.o
 .comment       0x00000038       0x39 obj_zoul/sensors.o
 .comment       0x00000038       0x39 obj_zoul/list.o
 .comment       0x00000038       0x39 obj_zoul/memb.o
 .comment       0x00000038       0x39 obj_zoul/random.o
 .comment       0x00000038       0x39 obj_zoul/ringbuf.o
 .comment       0x00000038       0x39 obj_zoul/chameleon-bitopt.o
 .comment       0x00000038       0x39 obj_zoul/broadcast-announcement.o
 .comment       0x00000038       0x39 obj_zoul/broadcast.o
 .comment       0x00000038       0x39 obj_zoul/announcement.o
 .comment       0x00000038       0x39 obj_zoul/rime.o
 .comment       0x00000038       0x39 obj_zoul/chameleon.o
 .comment       0x00000038       0x39 obj_zoul/channel.o
 .comment       0x00000038       0x39 obj_zoul/abc.o
 .comment       0x00000038       0x39 obj_zoul/mtarch.o
 .comment       0x00000038       0x39 obj_zoul/queuebuf.o
 .comment       0x00000038       0x39 obj_zoul/packetbuf.o
 .comment       0x00000038       0x39 obj_zoul/netstack.o
 .comment       0x00000038       0x39 obj_zoul/linkaddr.o
 .comment       0x00000038       0x39 obj_zoul/mac-sequence.o
 .comment       0x00000038       0x39 obj_zoul/csma.o
 .comment       0x00000038       0x39 obj_zoul/frame802154.o
 .comment       0x00000038       0x39 obj_zoul/mac.o
 .comment       0x00000038       0x39 obj_zoul/framer-802154.o
 .comment       0x00000038       0x39 obj_zoul/contikimac.o
 .comment       0x00000038       0x39 obj_zoul/contikimac-framer.o
 .comment       0x00000038       0x39 obj_zoul/nullsec.o
 .comment       0x00000038       0x39 example-broadcast.co
 .comment       0x00000038       0x39 /usr/lib/gcc/arm-none-eabi/4.9.3/armv7-m/libgcc.a(bpabi.o)
 .comment       0x00000038       0x39 /usr/lib/gcc/arm-none-eabi/4.9.3/armv7-m/libgcc.a(_divdi3.o)
 .comment       0x00000038       0x39 /usr/lib/gcc/arm-none-eabi/4.9.3/armv7-m/libgcc.a(_udivdi3.o)
 .comment       0x00000038       0x38 /usr/lib/gcc/arm-none-eabi/4.9.3/../../../arm-none-eabi/lib/armv7-m/libc.a(lib_a-memcmp.o)
                                 0x39 (size before relaxing)
 .comment       0x00000070       0x39 /usr/lib/gcc/arm-none-eabi/4.9.3/../../../arm-none-eabi/lib/armv7-m/libc.a(lib_a-memset.o)

.ARM.attributes
                0x00000000       0x31
 .ARM.attributes
                0x00000000       0x33 obj_zoul/startup-gcc.o
 .ARM.attributes
                0x00000033       0x33 obj_zoul/contiki-main.o
 .ARM.attributes
                0x00000066       0x33 obj_zoul/leds.o
 .ARM.attributes
                0x00000099       0x33 obj_zoul/button-sensor.o
 .ARM.attributes
                0x000000cc       0x33 obj_zoul/zoul-sensors.o
 .ARM.attributes
                0x000000ff       0x33 obj_zoul/board.o
 .ARM.attributes
                0x00000132       0x33 obj_zoul/antenna-sw.o
 .ARM.attributes
                0x00000165       0x33 obj_zoul/leds-res-arch.o
 .ARM.attributes
                0x00000198       0x33 obj_zoul/soc.o
 .ARM.attributes
                0x000001cb       0x33 obj_zoul/clock.o
 .ARM.attributes
                0x000001fe       0x33 obj_zoul/rtimer-arch.o
 .ARM.attributes
                0x00000231       0x33 obj_zoul/uart.o
 .ARM.attributes
                0x00000264       0x33 obj_zoul/watchdog.o
 .ARM.attributes
                0x00000297       0x33 obj_zoul/nvic.o
 .ARM.attributes
                0x000002ca       0x33 obj_zoul/sys-ctrl.o
 .ARM.attributes
                0x000002fd       0x33 obj_zoul/gpio.o
 .ARM.attributes
                0x00000330       0x33 obj_zoul/ioc.o
 .ARM.attributes
                0x00000363       0x33 obj_zoul/adc.o
 .ARM.attributes
                0x00000396       0x33 obj_zoul/crypto.o
 .ARM.attributes
                0x000003c9       0x33 obj_zoul/cc2538-rf.o
 .ARM.attributes
                0x000003fc       0x33 obj_zoul/udma.o
 .ARM.attributes
                0x0000042f       0x33 obj_zoul/lpm.o
 .ARM.attributes
                0x00000462       0x33 obj_zoul/pka.o
 .ARM.attributes
                0x00000495       0x33 obj_zoul/dbg.o
 .ARM.attributes
                0x000004c8       0x33 obj_zoul/ieee-addr.o
 .ARM.attributes
                0x000004fb       0x33 obj_zoul/cc2538-temp-sensor.o
 .ARM.attributes
                0x0000052e       0x33 obj_zoul/vdd3-sensor.o
 .ARM.attributes
                0x00000561       0x33 obj_zoul/dbg-printf.o
 .ARM.attributes
                0x00000594       0x33 obj_zoul/strformat.o
 .ARM.attributes
                0x000005c7       0x33 obj_zoul/autostart.o
 .ARM.attributes
                0x000005fa       0x33 obj_zoul/energest.o
 .ARM.attributes
                0x0000062d       0x33 obj_zoul/ctimer.o
 .ARM.attributes
                0x00000660       0x33 obj_zoul/etimer.o
 .ARM.attributes
                0x00000693       0x33 obj_zoul/process.o
 .ARM.attributes
                0x000006c6       0x33 obj_zoul/rtimer.o
 .ARM.attributes
                0x000006f9       0x33 obj_zoul/timer.o
 .ARM.attributes
                0x0000072c       0x33 obj_zoul/serial-line.o
 .ARM.attributes
                0x0000075f       0x33 obj_zoul/sensors.o
 .ARM.attributes
                0x00000792       0x33 obj_zoul/list.o
 .ARM.attributes
                0x000007c5       0x33 obj_zoul/memb.o
 .ARM.attributes
                0x000007f8       0x33 obj_zoul/random.o
 .ARM.attributes
                0x0000082b       0x33 obj_zoul/ringbuf.o
 .ARM.attributes
                0x0000085e       0x33 obj_zoul/chameleon-bitopt.o
 .ARM.attributes
                0x00000891       0x33 obj_zoul/broadcast-announcement.o
 .ARM.attributes
                0x000008c4       0x33 obj_zoul/broadcast.o
 .ARM.attributes
                0x000008f7       0x33 obj_zoul/announcement.o
 .ARM.attributes
                0x0000092a       0x33 obj_zoul/rime.o
 .ARM.attributes
                0x0000095d       0x33 obj_zoul/chameleon.o
 .ARM.attributes
                0x00000990       0x33 obj_zoul/channel.o
 .ARM.attributes
                0x000009c3       0x33 obj_zoul/abc.o
 .ARM.attributes
                0x000009f6       0x33 obj_zoul/mtarch.o
 .ARM.attributes
                0x00000a29       0x33 obj_zoul/queuebuf.o
 .ARM.attributes
                0x00000a5c       0x33 obj_zoul/packetbuf.o
 .ARM.attributes
                0x00000a8f       0x33 obj_zoul/netstack.o
 .ARM.attributes
                0x00000ac2       0x33 obj_zoul/linkaddr.o
 .ARM.attributes
                0x00000af5       0x33 obj_zoul/mac-sequence.o
 .ARM.attributes
                0x00000b28       0x33 obj_zoul/csma.o
 .ARM.attributes
                0x00000b5b       0x33 obj_zoul/frame802154.o
 .ARM.attributes
                0x00000b8e       0x33 obj_zoul/mac.o
 .ARM.attributes
                0x00000bc1       0x33 obj_zoul/framer-802154.o
 .ARM.attributes
                0x00000bf4       0x33 obj_zoul/contikimac.o
 .ARM.attributes
                0x00000c27       0x33 obj_zoul/contikimac-framer.o
 .ARM.attributes
                0x00000c5a       0x33 obj_zoul/nullsec.o
 .ARM.attributes
                0x00000c8d       0x33 example-broadcast.co
 .ARM.attributes
                0x00000cc0       0x1d /usr/lib/gcc/arm-none-eabi/4.9.3/armv7-m/libgcc.a(_aeabi_uldivmod.o)
 .ARM.attributes
                0x00000cdd       0x2d /usr/lib/gcc/arm-none-eabi/4.9.3/armv7-m/libgcc.a(bpabi.o)
 .ARM.attributes
                0x00000d0a       0x1d /usr/lib/gcc/arm-none-eabi/4.9.3/armv7-m/libgcc.a(_dvmd_tls.o)
 .ARM.attributes
                0x00000d27       0x2d /usr/lib/gcc/arm-none-eabi/4.9.3/armv7-m/libgcc.a(_divdi3.o)
 .ARM.attributes
                0x00000d54       0x2d /usr/lib/gcc/arm-none-eabi/4.9.3/armv7-m/libgcc.a(_udivdi3.o)
 .ARM.attributes
                0x00000d81       0x2d /usr/lib/gcc/arm-none-eabi/4.9.3/../../../arm-none-eabi/lib/armv7-m/libc.a(lib_a-memcmp.o)
 .ARM.attributes
                0x00000dae       0x1b /usr/lib/gcc/arm-none-eabi/4.9.3/../../../arm-none-eabi/lib/armv7-m/libc.a(lib_a-memcpy.o)
 .ARM.attributes
                0x00000dc9       0x2d /usr/lib/gcc/arm-none-eabi/4.9.3/../../../arm-none-eabi/lib/armv7-m/libc.a(lib_a-memset.o)

.debug_frame    0x00000000      0x150
 .debug_frame   0x00000000       0x28 /usr/lib/gcc/arm-none-eabi/4.9.3/armv7-m/libgcc.a(_aeabi_uldivmod.o)
 .debug_frame   0x00000028       0x54 /usr/lib/gcc/arm-none-eabi/4.9.3/armv7-m/libgcc.a(bpabi.o)
 .debug_frame   0x0000007c       0x34 /usr/lib/gcc/arm-none-eabi/4.9.3/armv7-m/libgcc.a(_divdi3.o)
 .debug_frame   0x000000b0       0x34 /usr/lib/gcc/arm-none-eabi/4.9.3/armv7-m/libgcc.a(_udivdi3.o)
 .debug_frame   0x000000e4       0x38 /usr/lib/gcc/arm-none-eabi/4.9.3/../../../arm-none-eabi/lib/armv7-m/libc.a(lib_a-memcmp.o)
 .debug_frame   0x0000011c       0x34 /usr/lib/gcc/arm-none-eabi/4.9.3/../../../arm-none-eabi/lib/armv7-m/libc.a(lib_a-memset.o)

.debug_line     0x00000000      0x5ba
 .debug_line    0x00000000       0x62 /usr/lib/gcc/arm-none-eabi/4.9.3/armv7-m/libgcc.a(_aeabi_uldivmod.o)
 .debug_line    0x00000062       0x64 /usr/lib/gcc/arm-none-eabi/4.9.3/armv7-m/libgcc.a(bpabi.o)
 .debug_line    0x000000c6       0x5e /usr/lib/gcc/arm-none-eabi/4.9.3/armv7-m/libgcc.a(_dvmd_tls.o)
 .debug_line    0x00000124       0xe1 /usr/lib/gcc/arm-none-eabi/4.9.3/armv7-m/libgcc.a(_divdi3.o)
 .debug_line    0x00000205       0xd3 /usr/lib/gcc/arm-none-eabi/4.9.3/armv7-m/libgcc.a(_udivdi3.o)
 .debug_line    0x000002d8      0x10e /usr/lib/gcc/arm-none-eabi/4.9.3/../../../arm-none-eabi/lib/armv7-m/libc.a(lib_a-memcmp.o)
 .debug_line    0x000003e6       0xbb /usr/lib/gcc/arm-none-eabi/4.9.3/../../../arm-none-eabi/lib/armv7-m/libc.a(lib_a-memcpy.o)
 .debug_line    0x000004a1      0x119 /usr/lib/gcc/arm-none-eabi/4.9.3/../../../arm-none-eabi/lib/armv7-m/libc.a(lib_a-memset.o)

.debug_info     0x00000000     0x1101
 .debug_info    0x00000000       0xb5 /usr/lib/gcc/arm-none-eabi/4.9.3/armv7-m/libgcc.a(_aeabi_uldivmod.o)
 .debug_info    0x000000b5      0x164 /usr/lib/gcc/arm-none-eabi/4.9.3/armv7-m/libgcc.a(bpabi.o)
 .debug_info    0x00000219       0xb9 /usr/lib/gcc/arm-none-eabi/4.9.3/armv7-m/libgcc.a(_dvmd_tls.o)
 .debug_info    0x000002d2      0x5bc /usr/lib/gcc/arm-none-eabi/4.9.3/armv7-m/libgcc.a(_divdi3.o)
 .debug_info    0x0000088e      0x57c /usr/lib/gcc/arm-none-eabi/4.9.3/armv7-m/libgcc.a(_udivdi3.o)
 .debug_info    0x00000e0a      0x113 /usr/lib/gcc/arm-none-eabi/4.9.3/../../../arm-none-eabi/lib/armv7-m/libc.a(lib_a-memcmp.o)
 .debug_info    0x00000f1d       0xcd /usr/lib/gcc/arm-none-eabi/4.9.3/../../../arm-none-eabi/lib/armv7-m/libc.a(lib_a-memcpy.o)
 .debug_info    0x00000fea      0x117 /usr/lib/gcc/arm-none-eabi/4.9.3/../../../arm-none-eabi/lib/armv7-m/libc.a(lib_a-memset.o)

.debug_abbrev   0x00000000      0x4ce
 .debug_abbrev  0x00000000       0x14 /usr/lib/gcc/arm-none-eabi/4.9.3/armv7-m/libgcc.a(_aeabi_uldivmod.o)
 .debug_abbrev  0x00000014       0xb7 /usr/lib/gcc/arm-none-eabi/4.9.3/armv7-m/libgcc.a(bpabi.o)
 .debug_abbrev  0x000000cb       0x14 /usr/lib/gcc/arm-none-eabi/4.9.3/armv7-m/libgcc.a(_dvmd_tls.o)
 .debug_abbrev  0x000000df      0x169 /usr/lib/gcc/arm-none-eabi/4.9.3/armv7-m/libgcc.a(_divdi3.o)
 .debug_abbrev  0x00000248      0x154 /usr/lib/gcc/arm-none-eabi/4.9.3/armv7-m/libgcc.a(_udivdi3.o)
 .debug_abbrev  0x0000039c       0x7f /usr/lib/gcc/arm-none-eabi/4.9.3/../../../arm-none-eabi/lib/armv7-m/libc.a(lib_a-memcmp.o)
 .debug_abbrev  0x0000041b       0x14 /usr/lib/gcc/arm-none-eabi/4.9.3/../../../arm-none-eabi/lib/armv7-m/libc.a(lib_a-memcpy.o)
 .debug_abbrev  0x0000042f       0x9f /usr/lib/gcc/arm-none-eabi/4.9.3/../../../arm-none-eabi/lib/armv7-m/libc.a(lib_a-memset.o)

.debug_aranges  0x00000000      0x100
 .debug_aranges
                0x00000000       0x20 /usr/lib/gcc/arm-none-eabi/4.9.3/armv7-m/libgcc.a(_aeabi_uldivmod.o)
 .debug_aranges
                0x00000020       0x20 /usr/lib/gcc/arm-none-eabi/4.9.3/armv7-m/libgcc.a(bpabi.o)
 .debug_aranges
                0x00000040       0x20 /usr/lib/gcc/arm-none-eabi/4.9.3/armv7-m/libgcc.a(_dvmd_tls.o)
 .debug_aranges
                0x00000060       0x20 /usr/lib/gcc/arm-none-eabi/4.9.3/armv7-m/libgcc.a(_divdi3.o)
 .debug_aranges
                0x00000080       0x20 /usr/lib/gcc/arm-none-eabi/4.9.3/armv7-m/libgcc.a(_udivdi3.o)
 .debug_aranges
                0x000000a0       0x20 /usr/lib/gcc/arm-none-eabi/4.9.3/../../../arm-none-eabi/lib/armv7-m/libc.a(lib_a-memcmp.o)
 .debug_aranges
                0x000000c0       0x20 /usr/lib/gcc/arm-none-eabi/4.9.3/../../../arm-none-eabi/lib/armv7-m/libc.a(lib_a-memcpy.o)
 .debug_aranges
                0x000000e0       0x20 /usr/lib/gcc/arm-none-eabi/4.9.3/../../../arm-none-eabi/lib/armv7-m/libc.a(lib_a-memset.o)

.debug_loc      0x00000000     0x1eb4
 .debug_loc     0x00000000       0xa0 /usr/lib/gcc/arm-none-eabi/4.9.3/armv7-m/libgcc.a(bpabi.o)
 .debug_loc     0x000000a0      0xdbd /usr/lib/gcc/arm-none-eabi/4.9.3/armv7-m/libgcc.a(_divdi3.o)
 .debug_loc     0x00000e5d      0xd5b /usr/lib/gcc/arm-none-eabi/4.9.3/armv7-m/libgcc.a(_udivdi3.o)
 .debug_loc     0x00001bb8      0x14e /usr/lib/gcc/arm-none-eabi/4.9.3/../../../arm-none-eabi/lib/armv7-m/libc.a(lib_a-memcmp.o)
 .debug_loc     0x00001d06      0x1ae /usr/lib/gcc/arm-none-eabi/4.9.3/../../../arm-none-eabi/lib/armv7-m/libc.a(lib_a-memset.o)

.debug_str      0x00000000      0x4da
 .debug_str     0x00000000      0x1cc /usr/lib/gcc/arm-none-eabi/4.9.3/armv7-m/libgcc.a(bpabi.o)
 .debug_str     0x000001cc      0x19c /usr/lib/gcc/arm-none-eabi/4.9.3/armv7-m/libgcc.a(_divdi3.o)
                                0x27a (size before relaxing)
 .debug_str     0x00000368      0x27b /usr/lib/gcc/arm-none-eabi/4.9.3/armv7-m/libgcc.a(_udivdi3.o)
 .debug_str     0x00000368      0x129 /usr/lib/gcc/arm-none-eabi/4.9.3/../../../arm-none-eabi/lib/armv7-m/libc.a(lib_a-memcmp.o)
                                0x1bb (size before relaxing)
 .debug_str     0x00000491       0x49 /usr/lib/gcc/arm-none-eabi/4.9.3/../../../arm-none-eabi/lib/armv7-m/libc.a(lib_a-memset.o)
                                0x1cf (size before relaxing)

.debug_ranges   0x00000000      0x200
 .debug_ranges  0x00000000       0xf0 /usr/lib/gcc/arm-none-eabi/4.9.3/armv7-m/libgcc.a(_divdi3.o)
 .debug_ranges  0x000000f0       0xf0 /usr/lib/gcc/arm-none-eabi/4.9.3/armv7-m/libgcc.a(_udivdi3.o)
 .debug_ranges  0x000001e0       0x10 /usr/lib/gcc/arm-none-eabi/4.9.3/../../../arm-none-eabi/lib/armv7-m/libc.a(lib_a-memcmp.o)
 .debug_ranges  0x000001f0       0x10 /usr/lib/gcc/arm-none-eabi/4.9.3/../../../arm-none-eabi/lib/armv7-m/libc.a(lib_a-memset.o)

Cross Reference Table

Symbol                                            File
__adddf3                                          /usr/lib/gcc/arm-none-eabi/4.9.3/armv7-m/libgcc.a(_arm_addsubdf3.o)
__aeabi_cdcmpeq                                   /usr/lib/gcc/arm-none-eabi/4.9.3/armv7-m/libgcc.a(_arm_cmpdf2.o)
__aeabi_cdcmple                                   /usr/lib/gcc/arm-none-eabi/4.9.3/armv7-m/libgcc.a(_arm_cmpdf2.o)
__aeabi_cdrcmple                                  /usr/lib/gcc/arm-none-eabi/4.9.3/armv7-m/libgcc.a(_arm_cmpdf2.o)
__aeabi_d2uiz                                     /usr/lib/gcc/arm-none-eabi/4.9.3/armv7-m/libgcc.a(_arm_fixunsdfsi.o)
                                                  obj_zoul/adc-sensors.o
__aeabi_dadd                                      /usr/lib/gcc/arm-none-eabi/4.9.3/armv7-m/libgcc.a(_arm_addsubdf3.o)
                                                  /usr/lib/gcc/arm-none-eabi/4.9.3/../../../arm-none-eabi/lib/armv7-m/libm.a(lib_a-e_log.o)
                                                  obj_zoul/adc-sensors.o
__aeabi_dcmpeq                                    /usr/lib/gcc/arm-none-eabi/4.9.3/armv7-m/libgcc.a(_arm_cmpdf2.o)
                                                  /usr/lib/gcc/arm-none-eabi/4.9.3/../../../arm-none-eabi/lib/armv7-m/libm.a(lib_a-e_log.o)
                                                  /usr/lib/gcc/arm-none-eabi/4.9.3/../../../arm-none-eabi/lib/armv7-m/libm.a(lib_a-w_log.o)
__aeabi_dcmpge                                    /usr/lib/gcc/arm-none-eabi/4.9.3/armv7-m/libgcc.a(_arm_cmpdf2.o)
__aeabi_dcmpgt                                    /usr/lib/gcc/arm-none-eabi/4.9.3/armv7-m/libgcc.a(_arm_cmpdf2.o)
                                                  /usr/lib/gcc/arm-none-eabi/4.9.3/../../../arm-none-eabi/lib/armv7-m/libm.a(lib_a-w_log.o)
__aeabi_dcmple                                    /usr/lib/gcc/arm-none-eabi/4.9.3/armv7-m/libgcc.a(_arm_cmpdf2.o)
__aeabi_dcmplt                                    /usr/lib/gcc/arm-none-eabi/4.9.3/armv7-m/libgcc.a(_arm_cmpdf2.o)
__aeabi_ddiv                                      /usr/lib/gcc/arm-none-eabi/4.9.3/armv7-m/libgcc.a(_arm_muldivdf3.o)
                                                  /usr/lib/gcc/arm-none-eabi/4.9.3/../../../arm-none-eabi/lib/armv7-m/libm.a(lib_a-e_log.o)
                                                  obj_zoul/adc-sensors.o
__aeabi_dmul                                      /usr/lib/gcc/arm-none-eabi/4.9.3/armv7-m/libgcc.a(_arm_muldivdf3.o)
                                                  /usr/lib/gcc/arm-none-eabi/4.9.3/../../../arm-none-eabi/lib/armv7-m/libm.a(lib_a-e_log.o)
__aeabi_drsub                                     /usr/lib/gcc/arm-none-eabi/4.9.3/armv7-m/libgcc.a(_arm_addsubdf3.o)
__aeabi_dsub                                      /usr/lib/gcc/arm-none-eabi/4.9.3/armv7-m/libgcc.a(_arm_addsubdf3.o)
                                                  /usr/lib/gcc/arm-none-eabi/4.9.3/../../../arm-none-eabi/lib/armv7-m/libm.a(lib_a-e_log.o)
                                                  obj_zoul/adc-sensors.o
__aeabi_f2d                                       /usr/lib/gcc/arm-none-eabi/4.9.3/armv7-m/libgcc.a(_arm_addsubdf3.o)
__aeabi_i2d                                       /usr/lib/gcc/arm-none-eabi/4.9.3/armv7-m/libgcc.a(_arm_addsubdf3.o)
                                                  /usr/lib/gcc/arm-none-eabi/4.9.3/../../../arm-none-eabi/lib/armv7-m/libm.a(lib_a-e_log.o)
                                                  obj_zoul/adc-sensors.o
__aeabi_idiv0                                     /usr/lib/gcc/arm-none-eabi/4.9.3/armv7-m/libgcc.a(_dvmd_tls.o)
__aeabi_l2d                                       /usr/lib/gcc/arm-none-eabi/4.9.3/armv7-m/libgcc.a(_arm_addsubdf3.o)
__aeabi_ldiv0                                     /usr/lib/gcc/arm-none-eabi/4.9.3/armv7-m/libgcc.a(_dvmd_tls.o)
                                                  /usr/lib/gcc/arm-none-eabi/4.9.3/armv7-m/libgcc.a(_aeabi_uldivmod.o)
__aeabi_llsl                                      /usr/lib/gcc/arm-none-eabi/4.9.3/armv7-m/libgcc.a(_ashldi3.o)
                                                  obj_zoul/mmc.o
__aeabi_ui2d                                      /usr/lib/gcc/arm-none-eabi/4.9.3/armv7-m/libgcc.a(_arm_addsubdf3.o)
__aeabi_ul2d                                      /usr/lib/gcc/arm-none-eabi/4.9.3/armv7-m/libgcc.a(_arm_addsubdf3.o)
__aeabi_uldivmod                                  /usr/lib/gcc/arm-none-eabi/4.9.3/armv7-m/libgcc.a(_aeabi_uldivmod.o)
                                                  obj_zoul/ff.o
                                                  obj_zoul/strformat.o
                                                  obj_zoul/cc2538-rf.o
                                                  obj_zoul/spi.o
__ashldi3                                         /usr/lib/gcc/arm-none-eabi/4.9.3/armv7-m/libgcc.a(_ashldi3.o)
__cmpdf2                                          /usr/lib/gcc/arm-none-eabi/4.9.3/armv7-m/libgcc.a(_arm_cmpdf2.o)
__ctype_ptr__                                     /usr/lib/gcc/arm-none-eabi/4.9.3/../../../arm-none-eabi/lib/armv7-m/libc.a(lib_a-ctype_.o)
                                                  /usr/lib/gcc/arm-none-eabi/4.9.3/../../../arm-none-eabi/lib/armv7-m/libc.a(lib_a-strncasecmp.o)
                                                  /usr/lib/gcc/arm-none-eabi/4.9.3/../../../arm-none-eabi/lib/armv7-m/libc.a(lib_a-strcasecmp.o)
                                                  obj_zoul/resolv.o
__divdf3                                          /usr/lib/gcc/arm-none-eabi/4.9.3/armv7-m/libgcc.a(_arm_muldivdf3.o)
__divdi3                                          /usr/lib/gcc/arm-none-eabi/4.9.3/armv7-m/libgcc.a(_divdi3.o)
                                                  /usr/lib/gcc/arm-none-eabi/4.9.3/armv7-m/libgcc.a(bpabi.o)
__eqdf2                                           /usr/lib/gcc/arm-none-eabi/4.9.3/armv7-m/libgcc.a(_arm_cmpdf2.o)
__errno                                           /usr/lib/gcc/arm-none-eabi/4.9.3/../../../arm-none-eabi/lib/armv7-m/libc.a(lib_a-errno.o)
                                                  /usr/lib/gcc/arm-none-eabi/4.9.3/../../../arm-none-eabi/lib/armv7-m/libm.a(lib_a-w_log.o)
__extendsfdf2                                     /usr/lib/gcc/arm-none-eabi/4.9.3/armv7-m/libgcc.a(_arm_addsubdf3.o)
__fdlib_version                                   /usr/lib/gcc/arm-none-eabi/4.9.3/../../../arm-none-eabi/lib/armv7-m/libm.a(lib_a-s_lib_ver.o)
                                                  /usr/lib/gcc/arm-none-eabi/4.9.3/../../../arm-none-eabi/lib/armv7-m/libm.a(lib_a-w_log.o)
__fixunsdfsi                                      /usr/lib/gcc/arm-none-eabi/4.9.3/armv7-m/libgcc.a(_arm_fixunsdfsi.o)
__floatdidf                                       /usr/lib/gcc/arm-none-eabi/4.9.3/armv7-m/libgcc.a(_arm_addsubdf3.o)
__floatsidf                                       /usr/lib/gcc/arm-none-eabi/4.9.3/armv7-m/libgcc.a(_arm_addsubdf3.o)
__floatundidf                                     /usr/lib/gcc/arm-none-eabi/4.9.3/armv7-m/libgcc.a(_arm_addsubdf3.o)
__floatunsidf                                     /usr/lib/gcc/arm-none-eabi/4.9.3/armv7-m/libgcc.a(_arm_addsubdf3.o)
__fpclassifyd                                     /usr/lib/gcc/arm-none-eabi/4.9.3/../../../arm-none-eabi/lib/armv7-m/libm.a(lib_a-s_fpclassify.o)
                                                  /usr/lib/gcc/arm-none-eabi/4.9.3/../../../arm-none-eabi/lib/armv7-m/libm.a(lib_a-w_log.o)
__gedf2                                           /usr/lib/gcc/arm-none-eabi/4.9.3/armv7-m/libgcc.a(_arm_cmpdf2.o)
__gnu_ldivmod_helper                              /usr/lib/gcc/arm-none-eabi/4.9.3/armv7-m/libgcc.a(bpabi.o)
__gnu_uldivmod_helper                             /usr/lib/gcc/arm-none-eabi/4.9.3/armv7-m/libgcc.a(bpabi.o)
                                                  /usr/lib/gcc/arm-none-eabi/4.9.3/armv7-m/libgcc.a(_aeabi_uldivmod.o)
__gtdf2                                           /usr/lib/gcc/arm-none-eabi/4.9.3/armv7-m/libgcc.a(_arm_cmpdf2.o)
__ieee754_log                                     /usr/lib/gcc/arm-none-eabi/4.9.3/../../../arm-none-eabi/lib/armv7-m/libm.a(lib_a-e_log.o)
                                                  /usr/lib/gcc/arm-none-eabi/4.9.3/../../../arm-none-eabi/lib/armv7-m/libm.a(lib_a-w_log.o)
__ledf2                                           /usr/lib/gcc/arm-none-eabi/4.9.3/armv7-m/libgcc.a(_arm_cmpdf2.o)
__ltdf2                                           /usr/lib/gcc/arm-none-eabi/4.9.3/armv7-m/libgcc.a(_arm_cmpdf2.o)
__malloc_av_                                      /usr/lib/gcc/arm-none-eabi/4.9.3/../../../arm-none-eabi/lib/armv7-m/libc.a(lib_a-mallocr.o)
                                                  /usr/lib/gcc/arm-none-eabi/4.9.3/../../../arm-none-eabi/lib/armv7-m/libc.a(lib_a-freer.o)
__malloc_current_mallinfo                         /usr/lib/gcc/arm-none-eabi/4.9.3/../../../arm-none-eabi/lib/armv7-m/libc.a(lib_a-mallocr.o)
                                                  /usr/lib/gcc/arm-none-eabi/4.9.3/../../../arm-none-eabi/lib/armv7-m/libc.a(lib_a-freer.o)
__malloc_lock                                     /usr/lib/gcc/arm-none-eabi/4.9.3/../../../arm-none-eabi/lib/armv7-m/libc.a(lib_a-mlock.o)
                                                  /usr/lib/gcc/arm-none-eabi/4.9.3/../../../arm-none-eabi/lib/armv7-m/libc.a(lib_a-freer.o)
                                                  /usr/lib/gcc/arm-none-eabi/4.9.3/../../../arm-none-eabi/lib/armv7-m/libc.a(lib_a-mallocr.o)
__malloc_max_sbrked_mem                           /usr/lib/gcc/arm-none-eabi/4.9.3/../../../arm-none-eabi/lib/armv7-m/libc.a(lib_a-mallocr.o)
__malloc_max_total_mem                            /usr/lib/gcc/arm-none-eabi/4.9.3/../../../arm-none-eabi/lib/armv7-m/libc.a(lib_a-mallocr.o)
__malloc_sbrk_base                                /usr/lib/gcc/arm-none-eabi/4.9.3/../../../arm-none-eabi/lib/armv7-m/libc.a(lib_a-mallocr.o)
                                                  /usr/lib/gcc/arm-none-eabi/4.9.3/../../../arm-none-eabi/lib/armv7-m/libc.a(lib_a-freer.o)
__malloc_top_pad                                  /usr/lib/gcc/arm-none-eabi/4.9.3/../../../arm-none-eabi/lib/armv7-m/libc.a(lib_a-mallocr.o)
                                                  /usr/lib/gcc/arm-none-eabi/4.9.3/../../../arm-none-eabi/lib/armv7-m/libc.a(lib_a-freer.o)
__malloc_trim_threshold                           /usr/lib/gcc/arm-none-eabi/4.9.3/../../../arm-none-eabi/lib/armv7-m/libc.a(lib_a-mallocr.o)
                                                  /usr/lib/gcc/arm-none-eabi/4.9.3/../../../arm-none-eabi/lib/armv7-m/libc.a(lib_a-freer.o)
__malloc_unlock                                   /usr/lib/gcc/arm-none-eabi/4.9.3/../../../arm-none-eabi/lib/armv7-m/libc.a(lib_a-mlock.o)
                                                  /usr/lib/gcc/arm-none-eabi/4.9.3/../../../arm-none-eabi/lib/armv7-m/libc.a(lib_a-freer.o)
                                                  /usr/lib/gcc/arm-none-eabi/4.9.3/../../../arm-none-eabi/lib/armv7-m/libc.a(lib_a-mallocr.o)
__muldf3                                          /usr/lib/gcc/arm-none-eabi/4.9.3/armv7-m/libgcc.a(_arm_muldivdf3.o)
__nedf2                                           /usr/lib/gcc/arm-none-eabi/4.9.3/armv7-m/libgcc.a(_arm_cmpdf2.o)
__subdf3                                          /usr/lib/gcc/arm-none-eabi/4.9.3/armv7-m/libgcc.a(_arm_addsubdf3.o)
__udivdi3                                         /usr/lib/gcc/arm-none-eabi/4.9.3/armv7-m/libgcc.a(_udivdi3.o)
                                                  /usr/lib/gcc/arm-none-eabi/4.9.3/armv7-m/libgcc.a(bpabi.o)
_bss                                              obj_zoul/startup-gcc.o
_ctype_                                           /usr/lib/gcc/arm-none-eabi/4.9.3/../../../arm-none-eabi/lib/armv7-m/libc.a(lib_a-ctype_.o)
_data                                             obj_zoul/startup-gcc.o
_ebss                                             obj_zoul/startup-gcc.o
_edata                                            obj_zoul/startup-gcc.o
_eheap                                            obj_zoul/syscalls.o
_free_r                                           /usr/lib/gcc/arm-none-eabi/4.9.3/../../../arm-none-eabi/lib/armv7-m/libc.a(lib_a-freer.o)
                                                  /usr/lib/gcc/arm-none-eabi/4.9.3/../../../arm-none-eabi/lib/armv7-m/libc.a(lib_a-reent.o)
                                                  /usr/lib/gcc/arm-none-eabi/4.9.3/../../../arm-none-eabi/lib/armv7-m/libc.a(lib_a-mallocr.o)
                                                  /usr/lib/gcc/arm-none-eabi/4.9.3/../../../arm-none-eabi/lib/armv7-m/libc.a(lib_a-malloc.o)
_global_impure_ptr                                /usr/lib/gcc/arm-none-eabi/4.9.3/../../../arm-none-eabi/lib/armv7-m/libc.a(lib_a-impure.o)
_heap                                             obj_zoul/syscalls.o
_impure_ptr                                       /usr/lib/gcc/arm-none-eabi/4.9.3/../../../arm-none-eabi/lib/armv7-m/libc.a(lib_a-impure.o)
                                                  /usr/lib/gcc/arm-none-eabi/4.9.3/../../../arm-none-eabi/lib/armv7-m/libc.a(lib_a-reent.o)
                                                  /usr/lib/gcc/arm-none-eabi/4.9.3/../../../arm-none-eabi/lib/armv7-m/libc.a(lib_a-malloc.o)
                                                  /usr/lib/gcc/arm-none-eabi/4.9.3/../../../arm-none-eabi/lib/armv7-m/libc.a(lib_a-errno.o)
_ldata                                            obj_zoul/startup-gcc.o
_malloc_r                                         /usr/lib/gcc/arm-none-eabi/4.9.3/../../../arm-none-eabi/lib/armv7-m/libc.a(lib_a-mallocr.o)
                                                  /usr/lib/gcc/arm-none-eabi/4.9.3/../../../arm-none-eabi/lib/armv7-m/libc.a(lib_a-malloc.o)
_malloc_trim_r                                    /usr/lib/gcc/arm-none-eabi/4.9.3/../../../arm-none-eabi/lib/armv7-m/libc.a(lib_a-freer.o)
_reclaim_reent                                    /usr/lib/gcc/arm-none-eabi/4.9.3/../../../arm-none-eabi/lib/armv7-m/libc.a(lib_a-reent.o)
_sbrk                                             obj_zoul/syscalls.o
                                                  /usr/lib/gcc/arm-none-eabi/4.9.3/../../../arm-none-eabi/lib/armv7-m/libc.a(lib_a-sbrkr.o)
_sbrk_r                                           /usr/lib/gcc/arm-none-eabi/4.9.3/../../../arm-none-eabi/lib/armv7-m/libc.a(lib_a-sbrkr.o)
                                                  /usr/lib/gcc/arm-none-eabi/4.9.3/../../../arm-none-eabi/lib/armv7-m/libc.a(lib_a-freer.o)
                                                  /usr/lib/gcc/arm-none-eabi/4.9.3/../../../arm-none-eabi/lib/armv7-m/libc.a(lib_a-mallocr.o)
_xassert                                          obj_zoul/assert.o
abc_close                                         obj_zoul/abc.o
                                                  obj_zoul/polite.o
                                                  obj_zoul/broadcast.o
abc_input                                         obj_zoul/abc.o
                                                  obj_zoul/rime.o
abc_open                                          obj_zoul/abc.o
                                                  obj_zoul/polite.o
                                                  obj_zoul/broadcast.o
abc_send                                          obj_zoul/abc.o
                                                  obj_zoul/polite.o
                                                  obj_zoul/broadcast.o
abc_sent                                          obj_zoul/abc.o
                                                  obj_zoul/rime.o
adc_get                                           obj_zoul/adc.o
                                                  obj_zoul/vdd3-sensor.o
                                                  obj_zoul/cc2538-temp-sensor.o
                                                  obj_zoul/adc-zoul.o
adc_init                                          obj_zoul/adc.o
                                                  obj_zoul/adc-zoul.o
adc_sensors                                       obj_zoul/adc-sensors.o
adc_zoul                                          obj_zoul/adc-zoul.o
                                                  obj_zoul/adc-sensors.o
aes_128_driver                                    obj_zoul/aes-128.o
aes_128_set_padded_key                            obj_zoul/aes-128.o
aes_auth_crypt_check_status                       obj_zoul/aes.o
                                                  obj_zoul/cc2538-ccm-star.o
                                                  obj_zoul/ctr.o
                                                  obj_zoul/cbc.o
                                                  obj_zoul/ecb.o
aes_auth_crypt_get_result                         obj_zoul/aes.o
                                                  obj_zoul/ccm.o
                                                  obj_zoul/gcm.o
                                                  obj_zoul/cbc-mac.o
                                                  obj_zoul/ctr.o
                                                  obj_zoul/cbc.o
                                                  obj_zoul/ecb.o
aes_auth_crypt_start                              obj_zoul/aes.o
                                                  obj_zoul/ccm.o
                                                  obj_zoul/gcm.o
                                                  obj_zoul/cbc-mac.o
                                                  obj_zoul/ctr.o
                                                  obj_zoul/cbc.o
                                                  obj_zoul/ecb.o
aes_load_keys                                     obj_zoul/aes.o
                                                  obj_zoul/cc2538-aes-128.o
announcement_bump                                 obj_zoul/announcement.o
                                                  obj_zoul/collect.o
announcement_heard                                obj_zoul/announcement.o
                                                  obj_zoul/polite-announcement.o
                                                  obj_zoul/broadcast-announcement.o
announcement_init                                 obj_zoul/announcement.o
                                                  obj_zoul/rime.o
announcement_list                                 obj_zoul/announcement.o
                                                  obj_zoul/polite-announcement.o
                                                  obj_zoul/broadcast-announcement.o
announcement_listen                               obj_zoul/announcement.o
announcement_register                             obj_zoul/announcement.o
                                                  obj_zoul/collect.o
announcement_register_listen_callback             obj_zoul/announcement.o
announcement_register_observer_callback           obj_zoul/announcement.o
                                                  obj_zoul/polite-announcement.o
                                                  obj_zoul/broadcast-announcement.o
announcement_remove                               obj_zoul/announcement.o
                                                  obj_zoul/collect.o
announcement_remove_value                         obj_zoul/announcement.o
announcement_set_value                            obj_zoul/announcement.o
                                                  obj_zoul/collect.o
antenna_sw_config                                 obj_zoul/antenna-sw.o
                                                  obj_zoul/board.o
antenna_sw_get                                    obj_zoul/antenna-sw.o
antenna_sw_select                                 obj_zoul/antenna-sw.o
arg_alloc                                         obj_zoul/arg.o
arg_free                                          obj_zoul/arg.o
arg_init                                          obj_zoul/arg.o
autostart_exit                                    obj_zoul/autostart.o
autostart_processes                               example-broadcast.co
                                                  obj_zoul/contiki-main.o
autostart_start                                   obj_zoul/autostart.o
                                                  obj_zoul/contiki-main.o
avail_memory                                      obj_zoul/mmem.o
bignum_add_get_result                             obj_zoul/bignum-driver.o
                                                  obj_zoul/ecc-algorithm.o
bignum_add_start                                  obj_zoul/bignum-driver.o
                                                  obj_zoul/ecc-algorithm.o
bignum_cmp_get_result                             obj_zoul/bignum-driver.o
                                                  obj_zoul/ecc-algorithm.o
bignum_cmp_start                                  obj_zoul/bignum-driver.o
                                                  obj_zoul/ecc-algorithm.o
bignum_divide_get_result                          obj_zoul/bignum-driver.o
bignum_divide_start                               obj_zoul/bignum-driver.o
bignum_exp_mod_get_result                         obj_zoul/bignum-driver.o
bignum_exp_mod_start                              obj_zoul/bignum-driver.o
bignum_inv_mod_get_result                         obj_zoul/bignum-driver.o
                                                  obj_zoul/ecc-algorithm.o
bignum_inv_mod_start                              obj_zoul/bignum-driver.o
                                                  obj_zoul/ecc-algorithm.o
bignum_mod_get_result                             obj_zoul/bignum-driver.o
                                                  obj_zoul/ecc-algorithm.o
bignum_mod_start                                  obj_zoul/bignum-driver.o
                                                  obj_zoul/ecc-algorithm.o
bignum_mul_get_result                             obj_zoul/bignum-driver.o
                                                  obj_zoul/ecc-algorithm.o
bignum_mul_start                                  obj_zoul/bignum-driver.o
                                                  obj_zoul/ecc-algorithm.o
bignum_subtract_get_result                        obj_zoul/bignum-driver.o
bignum_subtract_start                             obj_zoul/bignum-driver.o
board_init                                        obj_zoul/board.o
                                                  obj_zoul/contiki-main.o
broadcast_announcement_beacon_interval            obj_zoul/broadcast-announcement.o
broadcast_announcement_init                       obj_zoul/broadcast-announcement.o
                                                  obj_zoul/rime.o
broadcast_announcement_stop                       obj_zoul/broadcast-announcement.o